Archive member included to satisfy reference by file (symbol)

/Applications/Arduino.app/Contents/Java/hardware/tools/avr/bin/../lib/gcc/avr/7.3.0/avr5/libgcc.a(_udivmodqi4.o)
                              ../../AVR-Programming-Library/USART.o (__udivmodqi4)
/Applications/Arduino.app/Contents/Java/hardware/tools/avr/bin/../lib/gcc/avr/7.3.0/avr5/libgcc.a(_udivmodhi4.o)
                              ../../AVR-Programming-Library/USART.o (__udivmodhi4)
/Applications/Arduino.app/Contents/Java/hardware/tools/avr/bin/../lib/gcc/avr/7.3.0/avr5/libgcc.a(_udivmodsi4.o)
                              servoSundial.o (__udivmodsi4)
/Applications/Arduino.app/Contents/Java/hardware/tools/avr/bin/../lib/gcc/avr/7.3.0/avr5/libgcc.a(_exit.o)
                              /Applications/Arduino.app/Contents/Java/hardware/tools/avr/bin/../lib/gcc/avr/7.3.0/../../../../avr/lib/avr5/crtatmega328p.o (exit)
/Applications/Arduino.app/Contents/Java/hardware/tools/avr/bin/../lib/gcc/avr/7.3.0/avr5/libgcc.a(_copy_data.o)
                              _servoSerialHelpers.o (__do_copy_data)
/Applications/Arduino.app/Contents/Java/hardware/tools/avr/bin/../lib/gcc/avr/7.3.0/avr5/libgcc.a(_clear_bss.o)
                              servoSundial.o (__do_clear_bss)
/Applications/Arduino.app/Contents/Java/hardware/tools/avr/bin/../lib/gcc/avr/7.3.0/avr5/libgcc.a(_usmulhisi3.o)
                              servoSundial.o (__usmulhisi3)
/Applications/Arduino.app/Contents/Java/hardware/tools/avr/bin/../lib/gcc/avr/7.3.0/avr5/libgcc.a(_umulhisi3.o)
                              /Applications/Arduino.app/Contents/Java/hardware/tools/avr/bin/../lib/gcc/avr/7.3.0/avr5/libgcc.a(_usmulhisi3.o) (__umulhisi3)

Allocating common symbols
Common symbol       size              file

ticks               0x2               servoSundial.o

Discarded input sections

 .data          0x0000000000000000        0x0 /Applications/Arduino.app/Contents/Java/hardware/tools/avr/bin/../lib/gcc/avr/7.3.0/../../../../avr/lib/avr5/crtatmega328p.o
 .bss           0x0000000000000000        0x0 /Applications/Arduino.app/Contents/Java/hardware/tools/avr/bin/../lib/gcc/avr/7.3.0/../../../../avr/lib/avr5/crtatmega328p.o
 .text          0x0000000000000000        0x0 _servoClockFunctions.o
 .data          0x0000000000000000        0x0 _servoClockFunctions.o
 .bss           0x0000000000000000        0x0 _servoClockFunctions.o
 .text          0x0000000000000000        0x0 _servoSerialHelpers.o
 .data          0x0000000000000000        0x0 _servoSerialHelpers.o
 .bss           0x0000000000000000        0x0 _servoSerialHelpers.o
 .text          0x0000000000000000        0x0 servoSundial.o
 .data          0x0000000000000000        0x0 servoSundial.o
 .bss           0x0000000000000000        0x0 servoSundial.o
 .text          0x0000000000000000        0x0 ../../AVR-Programming-Library/USART.o
 .data          0x0000000000000000        0x0 ../../AVR-Programming-Library/USART.o
 .bss           0x0000000000000000        0x0 ../../AVR-Programming-Library/USART.o
 .text.readString
                0x0000000000000000       0x58 ../../AVR-Programming-Library/USART.o
 .text.printWord
                0x0000000000000000       0x76 ../../AVR-Programming-Library/USART.o
 .text.printBinaryByte
                0x0000000000000000       0x3a ../../AVR-Programming-Library/USART.o
 .text.nibbleToHexCharacter
                0x0000000000000000        0xc ../../AVR-Programming-Library/USART.o
 .text.printHexByte
                0x0000000000000000       0x1e ../../AVR-Programming-Library/USART.o
 .text          0x0000000000000000        0x0 /Applications/Arduino.app/Contents/Java/hardware/tools/avr/bin/../lib/gcc/avr/7.3.0/avr5/libgcc.a(_udivmodqi4.o)
 .data          0x0000000000000000        0x0 /Applications/Arduino.app/Contents/Java/hardware/tools/avr/bin/../lib/gcc/avr/7.3.0/avr5/libgcc.a(_udivmodqi4.o)
 .bss           0x0000000000000000        0x0 /Applications/Arduino.app/Contents/Java/hardware/tools/avr/bin/../lib/gcc/avr/7.3.0/avr5/libgcc.a(_udivmodqi4.o)
 .text.libgcc.mul
                0x0000000000000000        0x0 /Applications/Arduino.app/Contents/Java/hardware/tools/avr/bin/../lib/gcc/avr/7.3.0/avr5/libgcc.a(_udivmodqi4.o)
 .text.libgcc   0x0000000000000000        0x0 /Applications/Arduino.app/Contents/Java/hardware/tools/avr/bin/../lib/gcc/avr/7.3.0/avr5/libgcc.a(_udivmodqi4.o)
 .text.libgcc.prologue
                0x0000000000000000        0x0 /Applications/Arduino.app/Contents/Java/hardware/tools/avr/bin/../lib/gcc/avr/7.3.0/avr5/libgcc.a(_udivmodqi4.o)
 .text.libgcc.builtins
                0x0000000000000000        0x0 /Applications/Arduino.app/Contents/Java/hardware/tools/avr/bin/../lib/gcc/avr/7.3.0/avr5/libgcc.a(_udivmodqi4.o)
 .text.libgcc.fmul
                0x0000000000000000        0x0 /Applications/Arduino.app/Contents/Java/hardware/tools/avr/bin/../lib/gcc/avr/7.3.0/avr5/libgcc.a(_udivmodqi4.o)
 .text.libgcc.fixed
                0x0000000000000000        0x0 /Applications/Arduino.app/Contents/Java/hardware/tools/avr/bin/../lib/gcc/avr/7.3.0/avr5/libgcc.a(_udivmodqi4.o)
 .text          0x0000000000000000        0x0 /Applications/Arduino.app/Contents/Java/hardware/tools/avr/bin/../lib/gcc/avr/7.3.0/avr5/libgcc.a(_udivmodhi4.o)
 .data          0x0000000000000000        0x0 /Applications/Arduino.app/Contents/Java/hardware/tools/avr/bin/../lib/gcc/avr/7.3.0/avr5/libgcc.a(_udivmodhi4.o)
 .bss           0x0000000000000000        0x0 /Applications/Arduino.app/Contents/Java/hardware/tools/avr/bin/../lib/gcc/avr/7.3.0/avr5/libgcc.a(_udivmodhi4.o)
 .text.libgcc.mul
                0x0000000000000000        0x0 /Applications/Arduino.app/Contents/Java/hardware/tools/avr/bin/../lib/gcc/avr/7.3.0/avr5/libgcc.a(_udivmodhi4.o)
 .text.libgcc.div
                0x0000000000000000       0x28 /Applications/Arduino.app/Contents/Java/hardware/tools/avr/bin/../lib/gcc/avr/7.3.0/avr5/libgcc.a(_udivmodhi4.o)
 .text.libgcc   0x0000000000000000        0x0 /Applications/Arduino.app/Contents/Java/hardware/tools/avr/bin/../lib/gcc/avr/7.3.0/avr5/libgcc.a(_udivmodhi4.o)
 .text.libgcc.prologue
                0x0000000000000000        0x0 /Applications/Arduino.app/Contents/Java/hardware/tools/avr/bin/../lib/gcc/avr/7.3.0/avr5/libgcc.a(_udivmodhi4.o)
 .text.libgcc.builtins
                0x0000000000000000        0x0 /Applications/Arduino.app/Contents/Java/hardware/tools/avr/bin/../lib/gcc/avr/7.3.0/avr5/libgcc.a(_udivmodhi4.o)
 .text.libgcc.fmul
                0x0000000000000000        0x0 /Applications/Arduino.app/Contents/Java/hardware/tools/avr/bin/../lib/gcc/avr/7.3.0/avr5/libgcc.a(_udivmodhi4.o)
 .text.libgcc.fixed
                0x0000000000000000        0x0 /Applications/Arduino.app/Contents/Java/hardware/tools/avr/bin/../lib/gcc/avr/7.3.0/avr5/libgcc.a(_udivmodhi4.o)
 .debug_line    0x0000000000000000       0xce /Applications/Arduino.app/Contents/Java/hardware/tools/avr/bin/../lib/gcc/avr/7.3.0/avr5/libgcc.a(_udivmodhi4.o)
 .debug_info    0x0000000000000000       0xae /Applications/Arduino.app/Contents/Java/hardware/tools/avr/bin/../lib/gcc/avr/7.3.0/avr5/libgcc.a(_udivmodhi4.o)
 .debug_abbrev  0x0000000000000000       0x14 /Applications/Arduino.app/Contents/Java/hardware/tools/avr/bin/../lib/gcc/avr/7.3.0/avr5/libgcc.a(_udivmodhi4.o)
 .debug_aranges
                0x0000000000000000       0x20 /Applications/Arduino.app/Contents/Java/hardware/tools/avr/bin/../lib/gcc/avr/7.3.0/avr5/libgcc.a(_udivmodhi4.o)
 .text          0x0000000000000000        0x0 /Applications/Arduino.app/Contents/Java/hardware/tools/avr/bin/../lib/gcc/avr/7.3.0/avr5/libgcc.a(_udivmodsi4.o)
 .data          0x0000000000000000        0x0 /Applications/Arduino.app/Contents/Java/hardware/tools/avr/bin/../lib/gcc/avr/7.3.0/avr5/libgcc.a(_udivmodsi4.o)
 .bss           0x0000000000000000        0x0 /Applications/Arduino.app/Contents/Java/hardware/tools/avr/bin/../lib/gcc/avr/7.3.0/avr5/libgcc.a(_udivmodsi4.o)
 .text.libgcc.mul
                0x0000000000000000        0x0 /Applications/Arduino.app/Contents/Java/hardware/tools/avr/bin/../lib/gcc/avr/7.3.0/avr5/libgcc.a(_udivmodsi4.o)
 .text.libgcc   0x0000000000000000        0x0 /Applications/Arduino.app/Contents/Java/hardware/tools/avr/bin/../lib/gcc/avr/7.3.0/avr5/libgcc.a(_udivmodsi4.o)
 .text.libgcc.prologue
                0x0000000000000000        0x0 /Applications/Arduino.app/Contents/Java/hardware/tools/avr/bin/../lib/gcc/avr/7.3.0/avr5/libgcc.a(_udivmodsi4.o)
 .text.libgcc.builtins
                0x0000000000000000        0x0 /Applications/Arduino.app/Contents/Java/hardware/tools/avr/bin/../lib/gcc/avr/7.3.0/avr5/libgcc.a(_udivmodsi4.o)
 .text.libgcc.fmul
                0x0000000000000000        0x0 /Applications/Arduino.app/Contents/Java/hardware/tools/avr/bin/../lib/gcc/avr/7.3.0/avr5/libgcc.a(_udivmodsi4.o)
 .text.libgcc.fixed
                0x0000000000000000        0x0 /Applications/Arduino.app/Contents/Java/hardware/tools/avr/bin/../lib/gcc/avr/7.3.0/avr5/libgcc.a(_udivmodsi4.o)
 .text          0x0000000000000000        0x0 /Applications/Arduino.app/Contents/Java/hardware/tools/avr/bin/../lib/gcc/avr/7.3.0/avr5/libgcc.a(_exit.o)
 .data          0x0000000000000000        0x0 /Applications/Arduino.app/Contents/Java/hardware/tools/avr/bin/../lib/gcc/avr/7.3.0/avr5/libgcc.a(_exit.o)
 .bss           0x0000000000000000        0x0 /Applications/Arduino.app/Contents/Java/hardware/tools/avr/bin/../lib/gcc/avr/7.3.0/avr5/libgcc.a(_exit.o)
 .text.libgcc.mul
                0x0000000000000000        0x0 /Applications/Arduino.app/Contents/Java/hardware/tools/avr/bin/../lib/gcc/avr/7.3.0/avr5/libgcc.a(_exit.o)
 .text.libgcc.div
                0x0000000000000000        0x0 /Applications/Arduino.app/Contents/Java/hardware/tools/avr/bin/../lib/gcc/avr/7.3.0/avr5/libgcc.a(_exit.o)
 .text.libgcc   0x0000000000000000        0x0 /Applications/Arduino.app/Contents/Java/hardware/tools/avr/bin/../lib/gcc/avr/7.3.0/avr5/libgcc.a(_exit.o)
 .text.libgcc.prologue
                0x0000000000000000        0x0 /Applications/Arduino.app/Contents/Java/hardware/tools/avr/bin/../lib/gcc/avr/7.3.0/avr5/libgcc.a(_exit.o)
 .text.libgcc.builtins
                0x0000000000000000        0x0 /Applications/Arduino.app/Contents/Java/hardware/tools/avr/bin/../lib/gcc/avr/7.3.0/avr5/libgcc.a(_exit.o)
 .text.libgcc.fmul
                0x0000000000000000        0x0 /Applications/Arduino.app/Contents/Java/hardware/tools/avr/bin/../lib/gcc/avr/7.3.0/avr5/libgcc.a(_exit.o)
 .text.libgcc.fixed
                0x0000000000000000        0x0 /Applications/Arduino.app/Contents/Java/hardware/tools/avr/bin/../lib/gcc/avr/7.3.0/avr5/libgcc.a(_exit.o)
 .text          0x0000000000000000        0x0 /Applications/Arduino.app/Contents/Java/hardware/tools/avr/bin/../lib/gcc/avr/7.3.0/avr5/libgcc.a(_copy_data.o)
 .data          0x0000000000000000        0x0 /Applications/Arduino.app/Contents/Java/hardware/tools/avr/bin/../lib/gcc/avr/7.3.0/avr5/libgcc.a(_copy_data.o)
 .bss           0x0000000000000000        0x0 /Applications/Arduino.app/Contents/Java/hardware/tools/avr/bin/../lib/gcc/avr/7.3.0/avr5/libgcc.a(_copy_data.o)
 .text.libgcc.mul
                0x0000000000000000        0x0 /Applications/Arduino.app/Contents/Java/hardware/tools/avr/bin/../lib/gcc/avr/7.3.0/avr5/libgcc.a(_copy_data.o)
 .text.libgcc.div
                0x0000000000000000        0x0 /Applications/Arduino.app/Contents/Java/hardware/tools/avr/bin/../lib/gcc/avr/7.3.0/avr5/libgcc.a(_copy_data.o)
 .text.libgcc   0x0000000000000000        0x0 /Applications/Arduino.app/Contents/Java/hardware/tools/avr/bin/../lib/gcc/avr/7.3.0/avr5/libgcc.a(_copy_data.o)
 .text.libgcc.prologue
                0x0000000000000000        0x0 /Applications/Arduino.app/Contents/Java/hardware/tools/avr/bin/../lib/gcc/avr/7.3.0/avr5/libgcc.a(_copy_data.o)
 .text.libgcc.builtins
                0x0000000000000000        0x0 /Applications/Arduino.app/Contents/Java/hardware/tools/avr/bin/../lib/gcc/avr/7.3.0/avr5/libgcc.a(_copy_data.o)
 .text.libgcc.fmul
                0x0000000000000000        0x0 /Applications/Arduino.app/Contents/Java/hardware/tools/avr/bin/../lib/gcc/avr/7.3.0/avr5/libgcc.a(_copy_data.o)
 .text.libgcc.fixed
                0x0000000000000000        0x0 /Applications/Arduino.app/Contents/Java/hardware/tools/avr/bin/../lib/gcc/avr/7.3.0/avr5/libgcc.a(_copy_data.o)
 .text          0x0000000000000000        0x0 /Applications/Arduino.app/Contents/Java/hardware/tools/avr/bin/../lib/gcc/avr/7.3.0/avr5/libgcc.a(_clear_bss.o)
 .data          0x0000000000000000        0x0 /Applications/Arduino.app/Contents/Java/hardware/tools/avr/bin/../lib/gcc/avr/7.3.0/avr5/libgcc.a(_clear_bss.o)
 .bss           0x0000000000000000        0x0 /Applications/Arduino.app/Contents/Java/hardware/tools/avr/bin/../lib/gcc/avr/7.3.0/avr5/libgcc.a(_clear_bss.o)
 .text.libgcc.mul
                0x0000000000000000        0x0 /Applications/Arduino.app/Contents/Java/hardware/tools/avr/bin/../lib/gcc/avr/7.3.0/avr5/libgcc.a(_clear_bss.o)
 .text.libgcc.div
                0x0000000000000000        0x0 /Applications/Arduino.app/Contents/Java/hardware/tools/avr/bin/../lib/gcc/avr/7.3.0/avr5/libgcc.a(_clear_bss.o)
 .text.libgcc   0x0000000000000000        0x0 /Applications/Arduino.app/Contents/Java/hardware/tools/avr/bin/../lib/gcc/avr/7.3.0/avr5/libgcc.a(_clear_bss.o)
 .text.libgcc.prologue
                0x0000000000000000        0x0 /Applications/Arduino.app/Contents/Java/hardware/tools/avr/bin/../lib/gcc/avr/7.3.0/avr5/libgcc.a(_clear_bss.o)
 .text.libgcc.builtins
                0x0000000000000000        0x0 /Applications/Arduino.app/Contents/Java/hardware/tools/avr/bin/../lib/gcc/avr/7.3.0/avr5/libgcc.a(_clear_bss.o)
 .text.libgcc.fmul
                0x0000000000000000        0x0 /Applications/Arduino.app/Contents/Java/hardware/tools/avr/bin/../lib/gcc/avr/7.3.0/avr5/libgcc.a(_clear_bss.o)
 .text.libgcc.fixed
                0x0000000000000000        0x0 /Applications/Arduino.app/Contents/Java/hardware/tools/avr/bin/../lib/gcc/avr/7.3.0/avr5/libgcc.a(_clear_bss.o)
 .text          0x0000000000000000        0x0 /Applications/Arduino.app/Contents/Java/hardware/tools/avr/bin/../lib/gcc/avr/7.3.0/avr5/libgcc.a(_usmulhisi3.o)
 .data          0x0000000000000000        0x0 /Applications/Arduino.app/Contents/Java/hardware/tools/avr/bin/../lib/gcc/avr/7.3.0/avr5/libgcc.a(_usmulhisi3.o)
 .bss           0x0000000000000000        0x0 /Applications/Arduino.app/Contents/Java/hardware/tools/avr/bin/../lib/gcc/avr/7.3.0/avr5/libgcc.a(_usmulhisi3.o)
 .text.libgcc.div
                0x0000000000000000        0x0 /Applications/Arduino.app/Contents/Java/hardware/tools/avr/bin/../lib/gcc/avr/7.3.0/avr5/libgcc.a(_usmulhisi3.o)
 .text.libgcc   0x0000000000000000        0x0 /Applications/Arduino.app/Contents/Java/hardware/tools/avr/bin/../lib/gcc/avr/7.3.0/avr5/libgcc.a(_usmulhisi3.o)
 .text.libgcc.prologue
                0x0000000000000000        0x0 /Applications/Arduino.app/Contents/Java/hardware/tools/avr/bin/../lib/gcc/avr/7.3.0/avr5/libgcc.a(_usmulhisi3.o)
 .text.libgcc.builtins
                0x0000000000000000        0x0 /Applications/Arduino.app/Contents/Java/hardware/tools/avr/bin/../lib/gcc/avr/7.3.0/avr5/libgcc.a(_usmulhisi3.o)
 .text.libgcc.fmul
                0x0000000000000000        0x0 /Applications/Arduino.app/Contents/Java/hardware/tools/avr/bin/../lib/gcc/avr/7.3.0/avr5/libgcc.a(_usmulhisi3.o)
 .text.libgcc.fixed
                0x0000000000000000        0x0 /Applications/Arduino.app/Contents/Java/hardware/tools/avr/bin/../lib/gcc/avr/7.3.0/avr5/libgcc.a(_usmulhisi3.o)
 .text          0x0000000000000000        0x0 /Applications/Arduino.app/Contents/Java/hardware/tools/avr/bin/../lib/gcc/avr/7.3.0/avr5/libgcc.a(_umulhisi3.o)
 .data          0x0000000000000000        0x0 /Applications/Arduino.app/Contents/Java/hardware/tools/avr/bin/../lib/gcc/avr/7.3.0/avr5/libgcc.a(_umulhisi3.o)
 .bss           0x0000000000000000        0x0 /Applications/Arduino.app/Contents/Java/hardware/tools/avr/bin/../lib/gcc/avr/7.3.0/avr5/libgcc.a(_umulhisi3.o)
 .text.libgcc.div
                0x0000000000000000        0x0 /Applications/Arduino.app/Contents/Java/hardware/tools/avr/bin/../lib/gcc/avr/7.3.0/avr5/libgcc.a(_umulhisi3.o)
 .text.libgcc   0x0000000000000000        0x0 /Applications/Arduino.app/Contents/Java/hardware/tools/avr/bin/../lib/gcc/avr/7.3.0/avr5/libgcc.a(_umulhisi3.o)
 .text.libgcc.prologue
                0x0000000000000000        0x0 /Applications/Arduino.app/Contents/Java/hardware/tools/avr/bin/../lib/gcc/avr/7.3.0/avr5/libgcc.a(_umulhisi3.o)
 .text.libgcc.builtins
                0x0000000000000000        0x0 /Applications/Arduino.app/Contents/Java/hardware/tools/avr/bin/../lib/gcc/avr/7.3.0/avr5/libgcc.a(_umulhisi3.o)
 .text.libgcc.fmul
                0x0000000000000000        0x0 /Applications/Arduino.app/Contents/Java/hardware/tools/avr/bin/../lib/gcc/avr/7.3.0/avr5/libgcc.a(_umulhisi3.o)
 .text.libgcc.fixed
                0x0000000000000000        0x0 /Applications/Arduino.app/Contents/Java/hardware/tools/avr/bin/../lib/gcc/avr/7.3.0/avr5/libgcc.a(_umulhisi3.o)

Memory Configuration

Name             Origin             Length             Attributes
text             0x0000000000000000 0x0000000000020000 xr
data             0x0000000000800060 0x000000000000ffa0 rw !x
eeprom           0x0000000000810000 0x0000000000010000 rw !x
fuse             0x0000000000820000 0x0000000000000003 rw !x
lock             0x0000000000830000 0x0000000000000400 rw !x
signature        0x0000000000840000 0x0000000000000400 rw !x
user_signatures  0x0000000000850000 0x0000000000000400 rw !x
*default*        0x0000000000000000 0xffffffffffffffff

Linker script and memory map

Address of section .data set to 0x800100
LOAD /Applications/Arduino.app/Contents/Java/hardware/tools/avr/bin/../lib/gcc/avr/7.3.0/../../../../avr/lib/avr5/crtatmega328p.o
LOAD _servoClockFunctions.o
LOAD _servoSerialHelpers.o
LOAD servoSundial.o
LOAD ../../AVR-Programming-Library/USART.o
START GROUP
LOAD /Applications/Arduino.app/Contents/Java/hardware/tools/avr/bin/../lib/gcc/avr/7.3.0/avr5/libgcc.a
LOAD /Applications/Arduino.app/Contents/Java/hardware/tools/avr/bin/../lib/gcc/avr/7.3.0/../../../../avr/lib/avr5/libm.a
LOAD /Applications/Arduino.app/Contents/Java/hardware/tools/avr/bin/../lib/gcc/avr/7.3.0/../../../../avr/lib/avr5/libc.a
LOAD /Applications/Arduino.app/Contents/Java/hardware/tools/avr/bin/../lib/gcc/avr/7.3.0/../../../../avr/lib/avr5/libatmega328p.a
END GROUP
                0x0000000000020000                __TEXT_REGION_LENGTH__ = DEFINED (__TEXT_REGION_LENGTH__)?__TEXT_REGION_LENGTH__:0x20000
                0x000000000000ffa0                __DATA_REGION_LENGTH__ = DEFINED (__DATA_REGION_LENGTH__)?__DATA_REGION_LENGTH__:0xffa0
                0x0000000000010000                __EEPROM_REGION_LENGTH__ = DEFINED (__EEPROM_REGION_LENGTH__)?__EEPROM_REGION_LENGTH__:0x10000
                [0x0000000000000003]                __FUSE_REGION_LENGTH__ = DEFINED (__FUSE_REGION_LENGTH__)?__FUSE_REGION_LENGTH__:0x400
                0x0000000000000400                __LOCK_REGION_LENGTH__ = DEFINED (__LOCK_REGION_LENGTH__)?__LOCK_REGION_LENGTH__:0x400
                0x0000000000000400                __SIGNATURE_REGION_LENGTH__ = DEFINED (__SIGNATURE_REGION_LENGTH__)?__SIGNATURE_REGION_LENGTH__:0x400
                0x0000000000000400                __USER_SIGNATURE_REGION_LENGTH__ = DEFINED (__USER_SIGNATURE_REGION_LENGTH__)?__USER_SIGNATURE_REGION_LENGTH__:0x400
                0x0000000000800060                __DATA_REGION_ORIGIN__ = DEFINED (__DATA_REGION_ORIGIN__)?__DATA_REGION_ORIGIN__:0x800060

.hash
 *(.hash)

.dynsym
 *(.dynsym)

.dynstr
 *(.dynstr)

.gnu.version
 *(.gnu.version)

.gnu.version_d
 *(.gnu.version_d)

.gnu.version_r
 *(.gnu.version_r)

.rel.init
 *(.rel.init)

.rela.init
 *(.rela.init)

.rel.text
 *(.rel.text)
 *(.rel.text.*)
 *(.rel.gnu.linkonce.t*)

.rela.text
 *(.rela.text)
 *(.rela.text.*)
 *(.rela.gnu.linkonce.t*)

.rel.fini
 *(.rel.fini)

.rela.fini
 *(.rela.fini)

.rel.rodata
 *(.rel.rodata)
 *(.rel.rodata.*)
 *(.rel.gnu.linkonce.r*)

.rela.rodata
 *(.rela.rodata)
 *(.rela.rodata.*)
 *(.rela.gnu.linkonce.r*)

.rel.data
 *(.rel.data)
 *(.rel.data.*)
 *(.rel.gnu.linkonce.d*)

.rela.data
 *(.rela.data)
 *(.rela.data.*)
 *(.rela.gnu.linkonce.d*)

.rel.ctors
 *(.rel.ctors)

.rela.ctors
 *(.rela.ctors)

.rel.dtors
 *(.rel.dtors)

.rela.dtors
 *(.rela.dtors)

.rel.got
 *(.rel.got)

.rela.got
 *(.rela.got)

.rel.bss
 *(.rel.bss)

.rela.bss
 *(.rela.bss)

.rel.plt
 *(.rel.plt)

.rela.plt
 *(.rela.plt)

.text           0x0000000000000000      0x470
 *(.vectors)
 .vectors       0x0000000000000000       0x68 /Applications/Arduino.app/Contents/Java/hardware/tools/avr/bin/../lib/gcc/avr/7.3.0/../../../../avr/lib/avr5/crtatmega328p.o
                0x0000000000000000                __vectors
                0x0000000000000000                __vector_default
 *(.vectors)
 *(.progmem.gcc*)
                0x0000000000000068                . = ALIGN (0x2)
                0x0000000000000068                __trampolines_start = .
 *(.trampolines)
 .trampolines   0x0000000000000068        0x0 linker stubs
 *(.trampolines*)
                0x0000000000000068                __trampolines_end = .
 *libprintf_flt.a:*(.progmem.data)
 *libc.a:*(.progmem.data)
 *(.progmem*)
                0x0000000000000068                . = ALIGN (0x2)
 *(.jumptables)
 *(.jumptables*)
 *(.lowtext)
 *(.lowtext*)
                0x0000000000000068                __ctors_start = .
 *(.ctors)
                0x0000000000000068                __ctors_end = .
                0x0000000000000068                __dtors_start = .
 *(.dtors)
                0x0000000000000068                __dtors_end = .
 SORT(*)(.ctors)
 SORT(*)(.dtors)
 *(.init0)
 .init0         0x0000000000000068        0x0 /Applications/Arduino.app/Contents/Java/hardware/tools/avr/bin/../lib/gcc/avr/7.3.0/../../../../avr/lib/avr5/crtatmega328p.o
                0x0000000000000068                __init
 *(.init0)
 *(.init1)
 *(.init1)
 *(.init2)
 .init2         0x0000000000000068        0xc /Applications/Arduino.app/Contents/Java/hardware/tools/avr/bin/../lib/gcc/avr/7.3.0/../../../../avr/lib/avr5/crtatmega328p.o
 *(.init2)
 *(.init3)
 *(.init3)
 *(.init4)
 .init4         0x0000000000000074       0x16 /Applications/Arduino.app/Contents/Java/hardware/tools/avr/bin/../lib/gcc/avr/7.3.0/avr5/libgcc.a(_copy_data.o)
                0x0000000000000074                __do_copy_data
 .init4         0x000000000000008a       0x10 /Applications/Arduino.app/Contents/Java/hardware/tools/avr/bin/../lib/gcc/avr/7.3.0/avr5/libgcc.a(_clear_bss.o)
                0x000000000000008a                __do_clear_bss
 *(.init4)
 *(.init5)
 *(.init5)
 *(.init6)
 *(.init6)
 *(.init7)
 *(.init7)
 *(.init8)
 *(.init8)
 *(.init9)
 .init9         0x000000000000009a        0x8 /Applications/Arduino.app/Contents/Java/hardware/tools/avr/bin/../lib/gcc/avr/7.3.0/../../../../avr/lib/avr5/crtatmega328p.o
 *(.init9)
 *(.text)
 .text          0x00000000000000a2        0x4 /Applications/Arduino.app/Contents/Java/hardware/tools/avr/bin/../lib/gcc/avr/7.3.0/../../../../avr/lib/avr5/crtatmega328p.o
                0x00000000000000a2                __vector_20
                0x00000000000000a2                __vector_1
                0x00000000000000a2                __vector_24
                0x00000000000000a2                __vector_12
                0x00000000000000a2                __bad_interrupt
                0x00000000000000a2                __vector_6
                0x00000000000000a2                __vector_3
                0x00000000000000a2                __vector_23
                0x00000000000000a2                __vector_25
                0x00000000000000a2                __vector_11
                0x00000000000000a2                __vector_13
                0x00000000000000a2                __vector_17
                0x00000000000000a2                __vector_19
                0x00000000000000a2                __vector_7
                0x00000000000000a2                __vector_5
                0x00000000000000a2                __vector_4
                0x00000000000000a2                __vector_9
                0x00000000000000a2                __vector_2
                0x00000000000000a2                __vector_21
                0x00000000000000a2                __vector_15
                0x00000000000000a2                __vector_8
                0x00000000000000a2                __vector_14
                0x00000000000000a2                __vector_10
                0x00000000000000a2                __vector_18
                0x00000000000000a2                __vector_22
                0x00000000000000a6                . = ALIGN (0x2)
 *(.text.*)
 .text.initTimer0_Clock
                0x00000000000000a6       0x12 _servoClockFunctions.o
                0x00000000000000a6                initTimer0_Clock
 .text.everyHour
                0x00000000000000b8       0x18 _servoClockFunctions.o
                0x00000000000000b8                everyHour
 .text.everyMinute
                0x00000000000000d0       0x3a _servoClockFunctions.o
                0x00000000000000d0                everyMinute
 .text.everySecond
                0x000000000000010a       0x40 _servoClockFunctions.o
                0x000000000000010a                everySecond
 .text.printTime
                0x000000000000014a       0x34 _servoSerialHelpers.o
                0x000000000000014a                printTime
 .text.pollSerial
                0x000000000000017e       0x6e _servoSerialHelpers.o
                0x000000000000017e                pollSerial
 .text.__vector_16
                0x00000000000001ec       0x2e servoSundial.o
                0x00000000000001ec                __vector_16
 .text.initTimer1_Servo
                0x000000000000021a       0x34 servoSundial.o
                0x000000000000021a                initTimer1_Servo
 .text.enableServo
                0x000000000000024e       0x12 servoSundial.o
                0x000000000000024e                enableServo
 .text.disableServo
                0x0000000000000260       0x12 servoSundial.o
                0x0000000000000260                disableServo
 .text.setServoPosition
                0x0000000000000272       0x42 servoSundial.o
                0x0000000000000272                setServoPosition
 .text.startup.main
                0x00000000000002b4       0x54 servoSundial.o
                0x00000000000002b4                main
 .text.initUSART
                0x0000000000000308       0x22 ../../AVR-Programming-Library/USART.o
                0x0000000000000308                initUSART
 .text.transmitByte
                0x000000000000032a        0xe ../../AVR-Programming-Library/USART.o
                0x000000000000032a                transmitByte
 .text.receiveByte
                0x0000000000000338        0xe ../../AVR-Programming-Library/USART.o
                0x0000000000000338                receiveByte
 .text.printString
                0x0000000000000346       0x26 ../../AVR-Programming-Library/USART.o
                0x0000000000000346                printString
 .text.printByte
                0x000000000000036c       0x32 ../../AVR-Programming-Library/USART.o
                0x000000000000036c                printByte
 .text.getNumber
                0x000000000000039e       0x46 ../../AVR-Programming-Library/USART.o
                0x000000000000039e                getNumber
 .text.libgcc.div
                0x00000000000003e4       0x18 /Applications/Arduino.app/Contents/Java/hardware/tools/avr/bin/../lib/gcc/avr/7.3.0/avr5/libgcc.a(_udivmodqi4.o)
                0x00000000000003e4                __udivmodqi4
 .text.libgcc.div
                0x00000000000003fc       0x44 /Applications/Arduino.app/Contents/Java/hardware/tools/avr/bin/../lib/gcc/avr/7.3.0/avr5/libgcc.a(_udivmodsi4.o)
                0x00000000000003fc                __udivmodsi4
 .text.libgcc.mul
                0x0000000000000440        0xe /Applications/Arduino.app/Contents/Java/hardware/tools/avr/bin/../lib/gcc/avr/7.3.0/avr5/libgcc.a(_usmulhisi3.o)
                0x0000000000000440                __usmulhisi3
                0x0000000000000444                __usmulhisi3_tail
 .text.libgcc.mul
                0x000000000000044e       0x1e /Applications/Arduino.app/Contents/Java/hardware/tools/avr/bin/../lib/gcc/avr/7.3.0/avr5/libgcc.a(_umulhisi3.o)
                0x000000000000044e                __umulhisi3
                0x000000000000046c                . = ALIGN (0x2)
 *(.fini9)
 .fini9         0x000000000000046c        0x0 /Applications/Arduino.app/Contents/Java/hardware/tools/avr/bin/../lib/gcc/avr/7.3.0/avr5/libgcc.a(_exit.o)
                0x000000000000046c                exit
                0x000000000000046c                _exit
 *(.fini9)
 *(.fini8)
 *(.fini8)
 *(.fini7)
 *(.fini7)
 *(.fini6)
 *(.fini6)
 *(.fini5)
 *(.fini5)
 *(.fini4)
 *(.fini4)
 *(.fini3)
 *(.fini3)
 *(.fini2)
 *(.fini2)
 *(.fini1)
 *(.fini1)
 *(.fini0)
 .fini0         0x000000000000046c        0x4 /Applications/Arduino.app/Contents/Java/hardware/tools/avr/bin/../lib/gcc/avr/7.3.0/avr5/libgcc.a(_exit.o)
 *(.fini0)
                0x0000000000000470                _etext = .

.data           0x0000000000800100       0x6c load address 0x0000000000000470
                0x0000000000800100                PROVIDE (__data_start, .)
 *(.data)
 *(.data*)
 .data.seconds  0x0000000000800100        0x1 servoSundial.o
                0x0000000000800100                seconds
 .data.minutes  0x0000000000800101        0x1 servoSundial.o
                0x0000000000800101                minutes
 .data.hours    0x0000000000800102        0x1 servoSundial.o
                0x0000000000800102                hours
 *(.gnu.linkonce.d*)
 *(.rodata)
 *(.rodata*)
 .rodata.pollSerial.str1.1
                0x0000000000800103       0x31 _servoSerialHelpers.o
                                         0x34 (size before relaxing)
 .rodata.main.str1.1
                0x0000000000800134       0x38 servoSundial.o
 *(.gnu.linkonce.r*)
                0x000000000080016c                . = ALIGN (0x2)
                0x000000000080016c                _edata = .
                0x000000000080016c                PROVIDE (__data_end, .)

.bss            0x000000000080016c        0x2
                0x000000000080016c                PROVIDE (__bss_start, .)
 *(.bss)
 *(.bss*)
 *(COMMON)
 COMMON         0x000000000080016c        0x2 servoSundial.o
                0x000000000080016c                ticks
                0x000000000080016e                PROVIDE (__bss_end, .)
                0x0000000000000470                __data_load_start = LOADADDR (.data)
                0x00000000000004dc                __data_load_end = (__data_load_start + SIZEOF (.data))

.noinit         0x000000000080016e        0x0
                [!provide]                        PROVIDE (__noinit_start, .)
 *(.noinit*)
                [!provide]                        PROVIDE (__noinit_end, .)
                0x000000000080016e                _end = .
                [!provide]                        PROVIDE (__heap_start, .)

.eeprom         0x0000000000810000        0x0
 *(.eeprom*)
                0x0000000000810000                __eeprom_end = .

.fuse
 *(.fuse)
 *(.lfuse)
 *(.hfuse)
 *(.efuse)

.lock
 *(.lock*)

.signature
 *(.signature*)

.user_signatures
 *(.user_signatures*)

.stab
 *(.stab)

.stabstr
 *(.stabstr)

.stab.excl
 *(.stab.excl)

.stab.exclstr
 *(.stab.exclstr)

.stab.index
 *(.stab.index)

.stab.indexstr
 *(.stab.indexstr)

.comment        0x0000000000000000       0x11
 *(.comment)
 .comment       0x0000000000000000       0x11 _servoClockFunctions.o
                                         0x12 (size before relaxing)
 .comment       0x0000000000000011       0x12 _servoSerialHelpers.o
 .comment       0x0000000000000011       0x12 servoSundial.o
 .comment       0x0000000000000011       0x12 ../../AVR-Programming-Library/USART.o

.note.gnu.avr.deviceinfo
                0x0000000000000000       0x40
 .note.gnu.avr.deviceinfo
                0x0000000000000000       0x40 /Applications/Arduino.app/Contents/Java/hardware/tools/avr/bin/../lib/gcc/avr/7.3.0/../../../../avr/lib/avr5/crtatmega328p.o

.note.gnu.build-id
 *(.note.gnu.build-id)

.debug
 *(.debug)

.line
 *(.line)

.debug_srcinfo
 *(.debug_srcinfo)

.debug_sfnames
 *(.debug_sfnames)

.debug_aranges  0x0000000000000000      0x1f8
 *(.debug_aranges)
 .debug_aranges
                0x0000000000000000       0x38 _servoClockFunctions.o
 .debug_aranges
                0x0000000000000038       0x28 _servoSerialHelpers.o
 .debug_aranges
                0x0000000000000060       0x48 servoSundial.o
 .debug_aranges
                0x00000000000000a8       0x70 ../../AVR-Programming-Library/USART.o
 .debug_aranges
                0x0000000000000118       0x20 /Applications/Arduino.app/Contents/Java/hardware/tools/avr/bin/../lib/gcc/avr/7.3.0/avr5/libgcc.a(_udivmodqi4.o)
 .debug_aranges
                0x0000000000000138       0x20 /Applications/Arduino.app/Contents/Java/hardware/tools/avr/bin/../lib/gcc/avr/7.3.0/avr5/libgcc.a(_udivmodsi4.o)
 .debug_aranges
                0x0000000000000158       0x20 /Applications/Arduino.app/Contents/Java/hardware/tools/avr/bin/../lib/gcc/avr/7.3.0/avr5/libgcc.a(_exit.o)
 .debug_aranges
                0x0000000000000178       0x20 /Applications/Arduino.app/Contents/Java/hardware/tools/avr/bin/../lib/gcc/avr/7.3.0/avr5/libgcc.a(_copy_data.o)
 .debug_aranges
                0x0000000000000198       0x20 /Applications/Arduino.app/Contents/Java/hardware/tools/avr/bin/../lib/gcc/avr/7.3.0/avr5/libgcc.a(_clear_bss.o)
 .debug_aranges
                0x00000000000001b8       0x20 /Applications/Arduino.app/Contents/Java/hardware/tools/avr/bin/../lib/gcc/avr/7.3.0/avr5/libgcc.a(_usmulhisi3.o)
 .debug_aranges
                0x00000000000001d8       0x20 /Applications/Arduino.app/Contents/Java/hardware/tools/avr/bin/../lib/gcc/avr/7.3.0/avr5/libgcc.a(_umulhisi3.o)

.debug_pubnames
 *(.debug_pubnames)

.debug_info     0x0000000000000000     0x15b0
 *(.debug_info .gnu.linkonce.wi.*)
 .debug_info    0x0000000000000000      0x5f4 /Applications/Arduino.app/Contents/Java/hardware/tools/avr/bin/../lib/gcc/avr/7.3.0/../../../../avr/lib/avr5/crtatmega328p.o
 .debug_info    0x00000000000005f4      0x189 _servoClockFunctions.o
 .debug_info    0x000000000000077d      0x2a9 _servoSerialHelpers.o
 .debug_info    0x0000000000000a26      0x2ec servoSundial.o
 .debug_info    0x0000000000000d12      0x3dc ../../AVR-Programming-Library/USART.o
 .debug_info    0x00000000000010ee       0xae /Applications/Arduino.app/Contents/Java/hardware/tools/avr/bin/../lib/gcc/avr/7.3.0/avr5/libgcc.a(_udivmodqi4.o)
 .debug_info    0x000000000000119c       0xae /Applications/Arduino.app/Contents/Java/hardware/tools/avr/bin/../lib/gcc/avr/7.3.0/avr5/libgcc.a(_udivmodsi4.o)
 .debug_info    0x000000000000124a       0xae /Applications/Arduino.app/Contents/Java/hardware/tools/avr/bin/../lib/gcc/avr/7.3.0/avr5/libgcc.a(_exit.o)
 .debug_info    0x00000000000012f8       0xae /Applications/Arduino.app/Contents/Java/hardware/tools/avr/bin/../lib/gcc/avr/7.3.0/avr5/libgcc.a(_copy_data.o)
 .debug_info    0x00000000000013a6       0xae /Applications/Arduino.app/Contents/Java/hardware/tools/avr/bin/../lib/gcc/avr/7.3.0/avr5/libgcc.a(_clear_bss.o)
 .debug_info    0x0000000000001454       0xae /Applications/Arduino.app/Contents/Java/hardware/tools/avr/bin/../lib/gcc/avr/7.3.0/avr5/libgcc.a(_usmulhisi3.o)
 .debug_info    0x0000000000001502       0xae /Applications/Arduino.app/Contents/Java/hardware/tools/avr/bin/../lib/gcc/avr/7.3.0/avr5/libgcc.a(_umulhisi3.o)

.debug_abbrev   0x0000000000000000      0xaf7
 *(.debug_abbrev)
 .debug_abbrev  0x0000000000000000      0x5a2 /Applications/Arduino.app/Contents/Java/hardware/tools/avr/bin/../lib/gcc/avr/7.3.0/../../../../avr/lib/avr5/crtatmega328p.o
 .debug_abbrev  0x00000000000005a2       0xd1 _servoClockFunctions.o
 .debug_abbrev  0x0000000000000673       0xf5 _servoSerialHelpers.o
 .debug_abbrev  0x0000000000000768      0x195 servoSundial.o
 .debug_abbrev  0x00000000000008fd      0x16e ../../AVR-Programming-Library/USART.o
 .debug_abbrev  0x0000000000000a6b       0x14 /Applications/Arduino.app/Contents/Java/hardware/tools/avr/bin/../lib/gcc/avr/7.3.0/avr5/libgcc.a(_udivmodqi4.o)
 .debug_abbrev  0x0000000000000a7f       0x14 /Applications/Arduino.app/Contents/Java/hardware/tools/avr/bin/../lib/gcc/avr/7.3.0/avr5/libgcc.a(_udivmodsi4.o)
 .debug_abbrev  0x0000000000000a93       0x14 /Applications/Arduino.app/Contents/Java/hardware/tools/avr/bin/../lib/gcc/avr/7.3.0/avr5/libgcc.a(_exit.o)
 .debug_abbrev  0x0000000000000aa7       0x14 /Applications/Arduino.app/Contents/Java/hardware/tools/avr/bin/../lib/gcc/avr/7.3.0/avr5/libgcc.a(_copy_data.o)
 .debug_abbrev  0x0000000000000abb       0x14 /Applications/Arduino.app/Contents/Java/hardware/tools/avr/bin/../lib/gcc/avr/7.3.0/avr5/libgcc.a(_clear_bss.o)
 .debug_abbrev  0x0000000000000acf       0x14 /Applications/Arduino.app/Contents/Java/hardware/tools/avr/bin/../lib/gcc/avr/7.3.0/avr5/libgcc.a(_usmulhisi3.o)
 .debug_abbrev  0x0000000000000ae3       0x14 /Applications/Arduino.app/Contents/Java/hardware/tools/avr/bin/../lib/gcc/avr/7.3.0/avr5/libgcc.a(_umulhisi3.o)

.debug_line     0x0000000000000000      0xc9e
 *(.debug_line .debug_line.* .debug_line_end)
 .debug_line    0x0000000000000000       0x1a /Applications/Arduino.app/Contents/Java/hardware/tools/avr/bin/../lib/gcc/avr/7.3.0/../../../../avr/lib/avr5/crtatmega328p.o
 .debug_line    0x000000000000001a      0x17f _servoClockFunctions.o
 .debug_line    0x0000000000000199      0x17b _servoSerialHelpers.o
 .debug_line    0x0000000000000314      0x258 servoSundial.o
 .debug_line    0x000000000000056c      0x2c8 ../../AVR-Programming-Library/USART.o
 .debug_line    0x0000000000000834       0x9e /Applications/Arduino.app/Contents/Java/hardware/tools/avr/bin/../lib/gcc/avr/7.3.0/avr5/libgcc.a(_udivmodqi4.o)
 .debug_line    0x00000000000008d2      0x122 /Applications/Arduino.app/Contents/Java/hardware/tools/avr/bin/../lib/gcc/avr/7.3.0/avr5/libgcc.a(_udivmodsi4.o)
 .debug_line    0x00000000000009f4       0x62 /Applications/Arduino.app/Contents/Java/hardware/tools/avr/bin/../lib/gcc/avr/7.3.0/avr5/libgcc.a(_exit.o)
 .debug_line    0x0000000000000a56       0x98 /Applications/Arduino.app/Contents/Java/hardware/tools/avr/bin/../lib/gcc/avr/7.3.0/avr5/libgcc.a(_copy_data.o)
 .debug_line    0x0000000000000aee       0x86 /Applications/Arduino.app/Contents/Java/hardware/tools/avr/bin/../lib/gcc/avr/7.3.0/avr5/libgcc.a(_clear_bss.o)
 .debug_line    0x0000000000000b74       0x7a /Applications/Arduino.app/Contents/Java/hardware/tools/avr/bin/../lib/gcc/avr/7.3.0/avr5/libgcc.a(_usmulhisi3.o)
 .debug_line    0x0000000000000bee       0xb0 /Applications/Arduino.app/Contents/Java/hardware/tools/avr/bin/../lib/gcc/avr/7.3.0/avr5/libgcc.a(_umulhisi3.o)

.debug_frame    0x0000000000000000      0x264
 *(.debug_frame)
 .debug_frame   0x0000000000000000       0x54 _servoClockFunctions.o
 .debug_frame   0x0000000000000054       0x40 _servoSerialHelpers.o
 .debug_frame   0x0000000000000094       0x88 servoSundial.o
 .debug_frame   0x000000000000011c      0x148 ../../AVR-Programming-Library/USART.o

.debug_str      0x0000000000000000      0x5eb
 *(.debug_str)
 .debug_str     0x0000000000000000      0x208 /Applications/Arduino.app/Contents/Java/hardware/tools/avr/bin/../lib/gcc/avr/7.3.0/../../../../avr/lib/avr5/crtatmega328p.o
 .debug_str     0x0000000000000208      0x1dd _servoClockFunctions.o
                                        0x211 (size before relaxing)
 .debug_str     0x00000000000003e5       0x54 _servoSerialHelpers.o
                                        0x207 (size before relaxing)
 .debug_str     0x0000000000000439       0xeb servoSundial.o
                                        0x2dc (size before relaxing)
 .debug_str     0x0000000000000524       0xc7 ../../AVR-Programming-Library/USART.o
                                        0x27a (size before relaxing)

.debug_loc      0x0000000000000000      0x6bb
 *(.debug_loc)
 .debug_loc     0x0000000000000000       0xbb _servoSerialHelpers.o
 .debug_loc     0x00000000000000bb       0x84 servoSundial.o
 .debug_loc     0x000000000000013f      0x57c ../../AVR-Programming-Library/USART.o

.debug_macinfo
 *(.debug_macinfo)

.debug_weaknames
 *(.debug_weaknames)

.debug_funcnames
 *(.debug_funcnames)

.debug_typenames
 *(.debug_typenames)

.debug_varnames
 *(.debug_varnames)

.debug_pubtypes
 *(.debug_pubtypes)

.debug_ranges   0x0000000000000000       0xd8
 *(.debug_ranges)
 .debug_ranges  0x0000000000000000       0x28 _servoClockFunctions.o
 .debug_ranges  0x0000000000000028       0x18 _servoSerialHelpers.o
 .debug_ranges  0x0000000000000040       0x38 servoSundial.o
 .debug_ranges  0x0000000000000078       0x60 ../../AVR-Programming-Library/USART.o

.debug_macro
 *(.debug_macro)
OUTPUT(servoSundial.elf elf32-avr)
LOAD linker stubs
