Archive member included to satisfy reference by file (symbol)

/Applications/Arduino.app/Contents/Java/hardware/tools/avr/bin/../lib/gcc/avr/7.3.0/avr5/libgcc.a(_udivmodqi4.o)
                              ../../AVR-Programming-Library/USART.o (__udivmodqi4)
/Applications/Arduino.app/Contents/Java/hardware/tools/avr/bin/../lib/gcc/avr/7.3.0/avr5/libgcc.a(_udivmodhi4.o)
                              ../../AVR-Programming-Library/USART.o (__udivmodhi4)
/Applications/Arduino.app/Contents/Java/hardware/tools/avr/bin/../lib/gcc/avr/7.3.0/avr5/libgcc.a(_exit.o)
                              /Applications/Arduino.app/Contents/Java/hardware/tools/avr/bin/../lib/gcc/avr/7.3.0/../../../../avr/lib/avr5/crtatmega328p.o (exit)
/Applications/Arduino.app/Contents/Java/hardware/tools/avr/bin/../lib/gcc/avr/7.3.0/avr5/libgcc.a(_copy_data.o)
                              voltmeter.o (__do_copy_data)
/Applications/Arduino.app/Contents/Java/hardware/tools/avr/bin/../lib/gcc/avr/7.3.0/../../../../avr/lib/avr5/libm.a(addsf3.o)
                              voltmeter.o (__subsf3)
/Applications/Arduino.app/Contents/Java/hardware/tools/avr/bin/../lib/gcc/avr/7.3.0/../../../../avr/lib/avr5/libm.a(addsf3x.o)
                              /Applications/Arduino.app/Contents/Java/hardware/tools/avr/bin/../lib/gcc/avr/7.3.0/../../../../avr/lib/avr5/libm.a(addsf3.o) (__addsf3x)
/Applications/Arduino.app/Contents/Java/hardware/tools/avr/bin/../lib/gcc/avr/7.3.0/../../../../avr/lib/avr5/libm.a(divsf3.o)
                              voltmeter.o (__divsf3)
/Applications/Arduino.app/Contents/Java/hardware/tools/avr/bin/../lib/gcc/avr/7.3.0/../../../../avr/lib/avr5/libm.a(divsf3x.o)
                              /Applications/Arduino.app/Contents/Java/hardware/tools/avr/bin/../lib/gcc/avr/7.3.0/../../../../avr/lib/avr5/libm.a(divsf3.o) (__divsf3x)
/Applications/Arduino.app/Contents/Java/hardware/tools/avr/bin/../lib/gcc/avr/7.3.0/../../../../avr/lib/avr5/libm.a(fixunssfsi.o)
                              voltmeter.o (__fixunssfsi)
/Applications/Arduino.app/Contents/Java/hardware/tools/avr/bin/../lib/gcc/avr/7.3.0/../../../../avr/lib/avr5/libm.a(floatsisf.o)
                              voltmeter.o (__floatunsisf)
/Applications/Arduino.app/Contents/Java/hardware/tools/avr/bin/../lib/gcc/avr/7.3.0/../../../../avr/lib/avr5/libm.a(floor.o)
                              voltmeter.o (floor)
/Applications/Arduino.app/Contents/Java/hardware/tools/avr/bin/../lib/gcc/avr/7.3.0/../../../../avr/lib/avr5/libm.a(fp_inf.o)
                              /Applications/Arduino.app/Contents/Java/hardware/tools/avr/bin/../lib/gcc/avr/7.3.0/../../../../avr/lib/avr5/libm.a(addsf3x.o) (__fp_inf)
/Applications/Arduino.app/Contents/Java/hardware/tools/avr/bin/../lib/gcc/avr/7.3.0/../../../../avr/lib/avr5/libm.a(fp_mintl.o)
                              /Applications/Arduino.app/Contents/Java/hardware/tools/avr/bin/../lib/gcc/avr/7.3.0/../../../../avr/lib/avr5/libm.a(floor.o) (__fp_mintl)
/Applications/Arduino.app/Contents/Java/hardware/tools/avr/bin/../lib/gcc/avr/7.3.0/../../../../avr/lib/avr5/libm.a(fp_mpack.o)
                              /Applications/Arduino.app/Contents/Java/hardware/tools/avr/bin/../lib/gcc/avr/7.3.0/../../../../avr/lib/avr5/libm.a(floor.o) (__fp_mpack)
/Applications/Arduino.app/Contents/Java/hardware/tools/avr/bin/../lib/gcc/avr/7.3.0/../../../../avr/lib/avr5/libm.a(fp_nan.o)
                              /Applications/Arduino.app/Contents/Java/hardware/tools/avr/bin/../lib/gcc/avr/7.3.0/../../../../avr/lib/avr5/libm.a(addsf3x.o) (__fp_nan)
/Applications/Arduino.app/Contents/Java/hardware/tools/avr/bin/../lib/gcc/avr/7.3.0/../../../../avr/lib/avr5/libm.a(fp_pscA.o)
                              /Applications/Arduino.app/Contents/Java/hardware/tools/avr/bin/../lib/gcc/avr/7.3.0/../../../../avr/lib/avr5/libm.a(addsf3x.o) (__fp_pscA)
/Applications/Arduino.app/Contents/Java/hardware/tools/avr/bin/../lib/gcc/avr/7.3.0/../../../../avr/lib/avr5/libm.a(fp_pscB.o)
                              /Applications/Arduino.app/Contents/Java/hardware/tools/avr/bin/../lib/gcc/avr/7.3.0/../../../../avr/lib/avr5/libm.a(addsf3x.o) (__fp_pscB)
/Applications/Arduino.app/Contents/Java/hardware/tools/avr/bin/../lib/gcc/avr/7.3.0/../../../../avr/lib/avr5/libm.a(fp_round.o)
                              /Applications/Arduino.app/Contents/Java/hardware/tools/avr/bin/../lib/gcc/avr/7.3.0/../../../../avr/lib/avr5/libm.a(addsf3.o) (__fp_round)
/Applications/Arduino.app/Contents/Java/hardware/tools/avr/bin/../lib/gcc/avr/7.3.0/../../../../avr/lib/avr5/libm.a(fp_split3.o)
                              /Applications/Arduino.app/Contents/Java/hardware/tools/avr/bin/../lib/gcc/avr/7.3.0/../../../../avr/lib/avr5/libm.a(addsf3x.o) (__fp_split3)
/Applications/Arduino.app/Contents/Java/hardware/tools/avr/bin/../lib/gcc/avr/7.3.0/../../../../avr/lib/avr5/libm.a(fp_trunc.o)
                              /Applications/Arduino.app/Contents/Java/hardware/tools/avr/bin/../lib/gcc/avr/7.3.0/../../../../avr/lib/avr5/libm.a(floor.o) (__fp_trunc)
/Applications/Arduino.app/Contents/Java/hardware/tools/avr/bin/../lib/gcc/avr/7.3.0/../../../../avr/lib/avr5/libm.a(fp_zero.o)
                              /Applications/Arduino.app/Contents/Java/hardware/tools/avr/bin/../lib/gcc/avr/7.3.0/../../../../avr/lib/avr5/libm.a(addsf3x.o) (__fp_zero)
/Applications/Arduino.app/Contents/Java/hardware/tools/avr/bin/../lib/gcc/avr/7.3.0/../../../../avr/lib/avr5/libm.a(mulsf3.o)
                              voltmeter.o (__mulsf3)
/Applications/Arduino.app/Contents/Java/hardware/tools/avr/bin/../lib/gcc/avr/7.3.0/../../../../avr/lib/avr5/libm.a(mulsf3x.o)
                              /Applications/Arduino.app/Contents/Java/hardware/tools/avr/bin/../lib/gcc/avr/7.3.0/../../../../avr/lib/avr5/libm.a(mulsf3.o) (__mulsf3x)
/Applications/Arduino.app/Contents/Java/hardware/tools/avr/bin/../lib/gcc/avr/7.3.0/../../../../avr/lib/avr5/libm.a(round.o)
                              voltmeter.o (round)

Discarded input sections

 .data          0x0000000000000000        0x0 /Applications/Arduino.app/Contents/Java/hardware/tools/avr/bin/../lib/gcc/avr/7.3.0/../../../../avr/lib/avr5/crtatmega328p.o
 .bss           0x0000000000000000        0x0 /Applications/Arduino.app/Contents/Java/hardware/tools/avr/bin/../lib/gcc/avr/7.3.0/../../../../avr/lib/avr5/crtatmega328p.o
 .text          0x0000000000000000        0x0 voltmeter.o
 .data          0x0000000000000000        0x0 voltmeter.o
 .bss           0x0000000000000000        0x0 voltmeter.o
 .text          0x0000000000000000        0x0 ../../AVR-Programming-Library/USART.o
 .data          0x0000000000000000        0x0 ../../AVR-Programming-Library/USART.o
 .bss           0x0000000000000000        0x0 ../../AVR-Programming-Library/USART.o
 .text.receiveByte
                0x0000000000000000        0xe ../../AVR-Programming-Library/USART.o
 .text.readString
                0x0000000000000000       0x58 ../../AVR-Programming-Library/USART.o
 .text.printByte
                0x0000000000000000       0x32 ../../AVR-Programming-Library/USART.o
 .text.printBinaryByte
                0x0000000000000000       0x3a ../../AVR-Programming-Library/USART.o
 .text.nibbleToHexCharacter
                0x0000000000000000        0xc ../../AVR-Programming-Library/USART.o
 .text.printHexByte
                0x0000000000000000       0x1e ../../AVR-Programming-Library/USART.o
 .text.getNumber
                0x0000000000000000       0x46 ../../AVR-Programming-Library/USART.o
 .text          0x0000000000000000        0x0 /Applications/Arduino.app/Contents/Java/hardware/tools/avr/bin/../lib/gcc/avr/7.3.0/avr5/libgcc.a(_udivmodqi4.o)
 .data          0x0000000000000000        0x0 /Applications/Arduino.app/Contents/Java/hardware/tools/avr/bin/../lib/gcc/avr/7.3.0/avr5/libgcc.a(_udivmodqi4.o)
 .bss           0x0000000000000000        0x0 /Applications/Arduino.app/Contents/Java/hardware/tools/avr/bin/../lib/gcc/avr/7.3.0/avr5/libgcc.a(_udivmodqi4.o)
 .text.libgcc.mul
                0x0000000000000000        0x0 /Applications/Arduino.app/Contents/Java/hardware/tools/avr/bin/../lib/gcc/avr/7.3.0/avr5/libgcc.a(_udivmodqi4.o)
 .text.libgcc.div
                0x0000000000000000       0x18 /Applications/Arduino.app/Contents/Java/hardware/tools/avr/bin/../lib/gcc/avr/7.3.0/avr5/libgcc.a(_udivmodqi4.o)
 .text.libgcc   0x0000000000000000        0x0 /Applications/Arduino.app/Contents/Java/hardware/tools/avr/bin/../lib/gcc/avr/7.3.0/avr5/libgcc.a(_udivmodqi4.o)
 .text.libgcc.prologue
                0x0000000000000000        0x0 /Applications/Arduino.app/Contents/Java/hardware/tools/avr/bin/../lib/gcc/avr/7.3.0/avr5/libgcc.a(_udivmodqi4.o)
 .text.libgcc.builtins
                0x0000000000000000        0x0 /Applications/Arduino.app/Contents/Java/hardware/tools/avr/bin/../lib/gcc/avr/7.3.0/avr5/libgcc.a(_udivmodqi4.o)
 .text.libgcc.fmul
                0x0000000000000000        0x0 /Applications/Arduino.app/Contents/Java/hardware/tools/avr/bin/../lib/gcc/avr/7.3.0/avr5/libgcc.a(_udivmodqi4.o)
 .text.libgcc.fixed
                0x0000000000000000        0x0 /Applications/Arduino.app/Contents/Java/hardware/tools/avr/bin/../lib/gcc/avr/7.3.0/avr5/libgcc.a(_udivmodqi4.o)
 .debug_line    0x0000000000000000       0x9e /Applications/Arduino.app/Contents/Java/hardware/tools/avr/bin/../lib/gcc/avr/7.3.0/avr5/libgcc.a(_udivmodqi4.o)
 .debug_info    0x0000000000000000       0xae /Applications/Arduino.app/Contents/Java/hardware/tools/avr/bin/../lib/gcc/avr/7.3.0/avr5/libgcc.a(_udivmodqi4.o)
 .debug_abbrev  0x0000000000000000       0x14 /Applications/Arduino.app/Contents/Java/hardware/tools/avr/bin/../lib/gcc/avr/7.3.0/avr5/libgcc.a(_udivmodqi4.o)
 .debug_aranges
                0x0000000000000000       0x20 /Applications/Arduino.app/Contents/Java/hardware/tools/avr/bin/../lib/gcc/avr/7.3.0/avr5/libgcc.a(_udivmodqi4.o)
 .text          0x0000000000000000        0x0 /Applications/Arduino.app/Contents/Java/hardware/tools/avr/bin/../lib/gcc/avr/7.3.0/avr5/libgcc.a(_udivmodhi4.o)
 .data          0x0000000000000000        0x0 /Applications/Arduino.app/Contents/Java/hardware/tools/avr/bin/../lib/gcc/avr/7.3.0/avr5/libgcc.a(_udivmodhi4.o)
 .bss           0x0000000000000000        0x0 /Applications/Arduino.app/Contents/Java/hardware/tools/avr/bin/../lib/gcc/avr/7.3.0/avr5/libgcc.a(_udivmodhi4.o)
 .text.libgcc.mul
                0x0000000000000000        0x0 /Applications/Arduino.app/Contents/Java/hardware/tools/avr/bin/../lib/gcc/avr/7.3.0/avr5/libgcc.a(_udivmodhi4.o)
 .text.libgcc   0x0000000000000000        0x0 /Applications/Arduino.app/Contents/Java/hardware/tools/avr/bin/../lib/gcc/avr/7.3.0/avr5/libgcc.a(_udivmodhi4.o)
 .text.libgcc.prologue
                0x0000000000000000        0x0 /Applications/Arduino.app/Contents/Java/hardware/tools/avr/bin/../lib/gcc/avr/7.3.0/avr5/libgcc.a(_udivmodhi4.o)
 .text.libgcc.builtins
                0x0000000000000000        0x0 /Applications/Arduino.app/Contents/Java/hardware/tools/avr/bin/../lib/gcc/avr/7.3.0/avr5/libgcc.a(_udivmodhi4.o)
 .text.libgcc.fmul
                0x0000000000000000        0x0 /Applications/Arduino.app/Contents/Java/hardware/tools/avr/bin/../lib/gcc/avr/7.3.0/avr5/libgcc.a(_udivmodhi4.o)
 .text.libgcc.fixed
                0x0000000000000000        0x0 /Applications/Arduino.app/Contents/Java/hardware/tools/avr/bin/../lib/gcc/avr/7.3.0/avr5/libgcc.a(_udivmodhi4.o)
 .text          0x0000000000000000        0x0 /Applications/Arduino.app/Contents/Java/hardware/tools/avr/bin/../lib/gcc/avr/7.3.0/avr5/libgcc.a(_exit.o)
 .data          0x0000000000000000        0x0 /Applications/Arduino.app/Contents/Java/hardware/tools/avr/bin/../lib/gcc/avr/7.3.0/avr5/libgcc.a(_exit.o)
 .bss           0x0000000000000000        0x0 /Applications/Arduino.app/Contents/Java/hardware/tools/avr/bin/../lib/gcc/avr/7.3.0/avr5/libgcc.a(_exit.o)
 .text.libgcc.mul
                0x0000000000000000        0x0 /Applications/Arduino.app/Contents/Java/hardware/tools/avr/bin/../lib/gcc/avr/7.3.0/avr5/libgcc.a(_exit.o)
 .text.libgcc.div
                0x0000000000000000        0x0 /Applications/Arduino.app/Contents/Java/hardware/tools/avr/bin/../lib/gcc/avr/7.3.0/avr5/libgcc.a(_exit.o)
 .text.libgcc   0x0000000000000000        0x0 /Applications/Arduino.app/Contents/Java/hardware/tools/avr/bin/../lib/gcc/avr/7.3.0/avr5/libgcc.a(_exit.o)
 .text.libgcc.prologue
                0x0000000000000000        0x0 /Applications/Arduino.app/Contents/Java/hardware/tools/avr/bin/../lib/gcc/avr/7.3.0/avr5/libgcc.a(_exit.o)
 .text.libgcc.builtins
                0x0000000000000000        0x0 /Applications/Arduino.app/Contents/Java/hardware/tools/avr/bin/../lib/gcc/avr/7.3.0/avr5/libgcc.a(_exit.o)
 .text.libgcc.fmul
                0x0000000000000000        0x0 /Applications/Arduino.app/Contents/Java/hardware/tools/avr/bin/../lib/gcc/avr/7.3.0/avr5/libgcc.a(_exit.o)
 .text.libgcc.fixed
                0x0000000000000000        0x0 /Applications/Arduino.app/Contents/Java/hardware/tools/avr/bin/../lib/gcc/avr/7.3.0/avr5/libgcc.a(_exit.o)
 .text          0x0000000000000000        0x0 /Applications/Arduino.app/Contents/Java/hardware/tools/avr/bin/../lib/gcc/avr/7.3.0/avr5/libgcc.a(_copy_data.o)
 .data          0x0000000000000000        0x0 /Applications/Arduino.app/Contents/Java/hardware/tools/avr/bin/../lib/gcc/avr/7.3.0/avr5/libgcc.a(_copy_data.o)
 .bss           0x0000000000000000        0x0 /Applications/Arduino.app/Contents/Java/hardware/tools/avr/bin/../lib/gcc/avr/7.3.0/avr5/libgcc.a(_copy_data.o)
 .text.libgcc.mul
                0x0000000000000000        0x0 /Applications/Arduino.app/Contents/Java/hardware/tools/avr/bin/../lib/gcc/avr/7.3.0/avr5/libgcc.a(_copy_data.o)
 .text.libgcc.div
                0x0000000000000000        0x0 /Applications/Arduino.app/Contents/Java/hardware/tools/avr/bin/../lib/gcc/avr/7.3.0/avr5/libgcc.a(_copy_data.o)
 .text.libgcc   0x0000000000000000        0x0 /Applications/Arduino.app/Contents/Java/hardware/tools/avr/bin/../lib/gcc/avr/7.3.0/avr5/libgcc.a(_copy_data.o)
 .text.libgcc.prologue
                0x0000000000000000        0x0 /Applications/Arduino.app/Contents/Java/hardware/tools/avr/bin/../lib/gcc/avr/7.3.0/avr5/libgcc.a(_copy_data.o)
 .text.libgcc.builtins
                0x0000000000000000        0x0 /Applications/Arduino.app/Contents/Java/hardware/tools/avr/bin/../lib/gcc/avr/7.3.0/avr5/libgcc.a(_copy_data.o)
 .text.libgcc.fmul
                0x0000000000000000        0x0 /Applications/Arduino.app/Contents/Java/hardware/tools/avr/bin/../lib/gcc/avr/7.3.0/avr5/libgcc.a(_copy_data.o)
 .text.libgcc.fixed
                0x0000000000000000        0x0 /Applications/Arduino.app/Contents/Java/hardware/tools/avr/bin/../lib/gcc/avr/7.3.0/avr5/libgcc.a(_copy_data.o)
 .text          0x0000000000000000        0x0 /Applications/Arduino.app/Contents/Java/hardware/tools/avr/bin/../lib/gcc/avr/7.3.0/../../../../avr/lib/avr5/libm.a(addsf3.o)
 .data          0x0000000000000000        0x0 /Applications/Arduino.app/Contents/Java/hardware/tools/avr/bin/../lib/gcc/avr/7.3.0/../../../../avr/lib/avr5/libm.a(addsf3.o)
 .bss           0x0000000000000000        0x0 /Applications/Arduino.app/Contents/Java/hardware/tools/avr/bin/../lib/gcc/avr/7.3.0/../../../../avr/lib/avr5/libm.a(addsf3.o)
 .text          0x0000000000000000        0x0 /Applications/Arduino.app/Contents/Java/hardware/tools/avr/bin/../lib/gcc/avr/7.3.0/../../../../avr/lib/avr5/libm.a(addsf3x.o)
 .data          0x0000000000000000        0x0 /Applications/Arduino.app/Contents/Java/hardware/tools/avr/bin/../lib/gcc/avr/7.3.0/../../../../avr/lib/avr5/libm.a(addsf3x.o)
 .bss           0x0000000000000000        0x0 /Applications/Arduino.app/Contents/Java/hardware/tools/avr/bin/../lib/gcc/avr/7.3.0/../../../../avr/lib/avr5/libm.a(addsf3x.o)
 .text          0x0000000000000000        0x0 /Applications/Arduino.app/Contents/Java/hardware/tools/avr/bin/../lib/gcc/avr/7.3.0/../../../../avr/lib/avr5/libm.a(divsf3.o)
 .data          0x0000000000000000        0x0 /Applications/Arduino.app/Contents/Java/hardware/tools/avr/bin/../lib/gcc/avr/7.3.0/../../../../avr/lib/avr5/libm.a(divsf3.o)
 .bss           0x0000000000000000        0x0 /Applications/Arduino.app/Contents/Java/hardware/tools/avr/bin/../lib/gcc/avr/7.3.0/../../../../avr/lib/avr5/libm.a(divsf3.o)
 .text          0x0000000000000000        0x0 /Applications/Arduino.app/Contents/Java/hardware/tools/avr/bin/../lib/gcc/avr/7.3.0/../../../../avr/lib/avr5/libm.a(divsf3x.o)
 .data          0x0000000000000000        0x0 /Applications/Arduino.app/Contents/Java/hardware/tools/avr/bin/../lib/gcc/avr/7.3.0/../../../../avr/lib/avr5/libm.a(divsf3x.o)
 .bss           0x0000000000000000        0x0 /Applications/Arduino.app/Contents/Java/hardware/tools/avr/bin/../lib/gcc/avr/7.3.0/../../../../avr/lib/avr5/libm.a(divsf3x.o)
 .text          0x0000000000000000        0x0 /Applications/Arduino.app/Contents/Java/hardware/tools/avr/bin/../lib/gcc/avr/7.3.0/../../../../avr/lib/avr5/libm.a(fixunssfsi.o)
 .data          0x0000000000000000        0x0 /Applications/Arduino.app/Contents/Java/hardware/tools/avr/bin/../lib/gcc/avr/7.3.0/../../../../avr/lib/avr5/libm.a(fixunssfsi.o)
 .bss           0x0000000000000000        0x0 /Applications/Arduino.app/Contents/Java/hardware/tools/avr/bin/../lib/gcc/avr/7.3.0/../../../../avr/lib/avr5/libm.a(fixunssfsi.o)
 .text          0x0000000000000000        0x0 /Applications/Arduino.app/Contents/Java/hardware/tools/avr/bin/../lib/gcc/avr/7.3.0/../../../../avr/lib/avr5/libm.a(floatsisf.o)
 .data          0x0000000000000000        0x0 /Applications/Arduino.app/Contents/Java/hardware/tools/avr/bin/../lib/gcc/avr/7.3.0/../../../../avr/lib/avr5/libm.a(floatsisf.o)
 .bss           0x0000000000000000        0x0 /Applications/Arduino.app/Contents/Java/hardware/tools/avr/bin/../lib/gcc/avr/7.3.0/../../../../avr/lib/avr5/libm.a(floatsisf.o)
 .text          0x0000000000000000        0x0 /Applications/Arduino.app/Contents/Java/hardware/tools/avr/bin/../lib/gcc/avr/7.3.0/../../../../avr/lib/avr5/libm.a(floor.o)
 .data          0x0000000000000000        0x0 /Applications/Arduino.app/Contents/Java/hardware/tools/avr/bin/../lib/gcc/avr/7.3.0/../../../../avr/lib/avr5/libm.a(floor.o)
 .bss           0x0000000000000000        0x0 /Applications/Arduino.app/Contents/Java/hardware/tools/avr/bin/../lib/gcc/avr/7.3.0/../../../../avr/lib/avr5/libm.a(floor.o)
 .text          0x0000000000000000        0x0 /Applications/Arduino.app/Contents/Java/hardware/tools/avr/bin/../lib/gcc/avr/7.3.0/../../../../avr/lib/avr5/libm.a(fp_inf.o)
 .data          0x0000000000000000        0x0 /Applications/Arduino.app/Contents/Java/hardware/tools/avr/bin/../lib/gcc/avr/7.3.0/../../../../avr/lib/avr5/libm.a(fp_inf.o)
 .bss           0x0000000000000000        0x0 /Applications/Arduino.app/Contents/Java/hardware/tools/avr/bin/../lib/gcc/avr/7.3.0/../../../../avr/lib/avr5/libm.a(fp_inf.o)
 .text          0x0000000000000000        0x0 /Applications/Arduino.app/Contents/Java/hardware/tools/avr/bin/../lib/gcc/avr/7.3.0/../../../../avr/lib/avr5/libm.a(fp_mintl.o)
 .data          0x0000000000000000        0x0 /Applications/Arduino.app/Contents/Java/hardware/tools/avr/bin/../lib/gcc/avr/7.3.0/../../../../avr/lib/avr5/libm.a(fp_mintl.o)
 .bss           0x0000000000000000        0x0 /Applications/Arduino.app/Contents/Java/hardware/tools/avr/bin/../lib/gcc/avr/7.3.0/../../../../avr/lib/avr5/libm.a(fp_mintl.o)
 .text          0x0000000000000000        0x0 /Applications/Arduino.app/Contents/Java/hardware/tools/avr/bin/../lib/gcc/avr/7.3.0/../../../../avr/lib/avr5/libm.a(fp_mpack.o)
 .data          0x0000000000000000        0x0 /Applications/Arduino.app/Contents/Java/hardware/tools/avr/bin/../lib/gcc/avr/7.3.0/../../../../avr/lib/avr5/libm.a(fp_mpack.o)
 .bss           0x0000000000000000        0x0 /Applications/Arduino.app/Contents/Java/hardware/tools/avr/bin/../lib/gcc/avr/7.3.0/../../../../avr/lib/avr5/libm.a(fp_mpack.o)
 .text          0x0000000000000000        0x0 /Applications/Arduino.app/Contents/Java/hardware/tools/avr/bin/../lib/gcc/avr/7.3.0/../../../../avr/lib/avr5/libm.a(fp_nan.o)
 .data          0x0000000000000000        0x0 /Applications/Arduino.app/Contents/Java/hardware/tools/avr/bin/../lib/gcc/avr/7.3.0/../../../../avr/lib/avr5/libm.a(fp_nan.o)
 .bss           0x0000000000000000        0x0 /Applications/Arduino.app/Contents/Java/hardware/tools/avr/bin/../lib/gcc/avr/7.3.0/../../../../avr/lib/avr5/libm.a(fp_nan.o)
 .text          0x0000000000000000        0x0 /Applications/Arduino.app/Contents/Java/hardware/tools/avr/bin/../lib/gcc/avr/7.3.0/../../../../avr/lib/avr5/libm.a(fp_pscA.o)
 .data          0x0000000000000000        0x0 /Applications/Arduino.app/Contents/Java/hardware/tools/avr/bin/../lib/gcc/avr/7.3.0/../../../../avr/lib/avr5/libm.a(fp_pscA.o)
 .bss           0x0000000000000000        0x0 /Applications/Arduino.app/Contents/Java/hardware/tools/avr/bin/../lib/gcc/avr/7.3.0/../../../../avr/lib/avr5/libm.a(fp_pscA.o)
 .text          0x0000000000000000        0x0 /Applications/Arduino.app/Contents/Java/hardware/tools/avr/bin/../lib/gcc/avr/7.3.0/../../../../avr/lib/avr5/libm.a(fp_pscB.o)
 .data          0x0000000000000000        0x0 /Applications/Arduino.app/Contents/Java/hardware/tools/avr/bin/../lib/gcc/avr/7.3.0/../../../../avr/lib/avr5/libm.a(fp_pscB.o)
 .bss           0x0000000000000000        0x0 /Applications/Arduino.app/Contents/Java/hardware/tools/avr/bin/../lib/gcc/avr/7.3.0/../../../../avr/lib/avr5/libm.a(fp_pscB.o)
 .text          0x0000000000000000        0x0 /Applications/Arduino.app/Contents/Java/hardware/tools/avr/bin/../lib/gcc/avr/7.3.0/../../../../avr/lib/avr5/libm.a(fp_round.o)
 .data          0x0000000000000000        0x0 /Applications/Arduino.app/Contents/Java/hardware/tools/avr/bin/../lib/gcc/avr/7.3.0/../../../../avr/lib/avr5/libm.a(fp_round.o)
 .bss           0x0000000000000000        0x0 /Applications/Arduino.app/Contents/Java/hardware/tools/avr/bin/../lib/gcc/avr/7.3.0/../../../../avr/lib/avr5/libm.a(fp_round.o)
 .text          0x0000000000000000        0x0 /Applications/Arduino.app/Contents/Java/hardware/tools/avr/bin/../lib/gcc/avr/7.3.0/../../../../avr/lib/avr5/libm.a(fp_split3.o)
 .data          0x0000000000000000        0x0 /Applications/Arduino.app/Contents/Java/hardware/tools/avr/bin/../lib/gcc/avr/7.3.0/../../../../avr/lib/avr5/libm.a(fp_split3.o)
 .bss           0x0000000000000000        0x0 /Applications/Arduino.app/Contents/Java/hardware/tools/avr/bin/../lib/gcc/avr/7.3.0/../../../../avr/lib/avr5/libm.a(fp_split3.o)
 .text          0x0000000000000000        0x0 /Applications/Arduino.app/Contents/Java/hardware/tools/avr/bin/../lib/gcc/avr/7.3.0/../../../../avr/lib/avr5/libm.a(fp_trunc.o)
 .data          0x0000000000000000        0x0 /Applications/Arduino.app/Contents/Java/hardware/tools/avr/bin/../lib/gcc/avr/7.3.0/../../../../avr/lib/avr5/libm.a(fp_trunc.o)
 .bss           0x0000000000000000        0x0 /Applications/Arduino.app/Contents/Java/hardware/tools/avr/bin/../lib/gcc/avr/7.3.0/../../../../avr/lib/avr5/libm.a(fp_trunc.o)
 .text          0x0000000000000000        0x0 /Applications/Arduino.app/Contents/Java/hardware/tools/avr/bin/../lib/gcc/avr/7.3.0/../../../../avr/lib/avr5/libm.a(fp_zero.o)
 .data          0x0000000000000000        0x0 /Applications/Arduino.app/Contents/Java/hardware/tools/avr/bin/../lib/gcc/avr/7.3.0/../../../../avr/lib/avr5/libm.a(fp_zero.o)
 .bss           0x0000000000000000        0x0 /Applications/Arduino.app/Contents/Java/hardware/tools/avr/bin/../lib/gcc/avr/7.3.0/../../../../avr/lib/avr5/libm.a(fp_zero.o)
 .text          0x0000000000000000        0x0 /Applications/Arduino.app/Contents/Java/hardware/tools/avr/bin/../lib/gcc/avr/7.3.0/../../../../avr/lib/avr5/libm.a(mulsf3.o)
 .data          0x0000000000000000        0x0 /Applications/Arduino.app/Contents/Java/hardware/tools/avr/bin/../lib/gcc/avr/7.3.0/../../../../avr/lib/avr5/libm.a(mulsf3.o)
 .bss           0x0000000000000000        0x0 /Applications/Arduino.app/Contents/Java/hardware/tools/avr/bin/../lib/gcc/avr/7.3.0/../../../../avr/lib/avr5/libm.a(mulsf3.o)
 .text          0x0000000000000000        0x0 /Applications/Arduino.app/Contents/Java/hardware/tools/avr/bin/../lib/gcc/avr/7.3.0/../../../../avr/lib/avr5/libm.a(mulsf3x.o)
 .data          0x0000000000000000        0x0 /Applications/Arduino.app/Contents/Java/hardware/tools/avr/bin/../lib/gcc/avr/7.3.0/../../../../avr/lib/avr5/libm.a(mulsf3x.o)
 .bss           0x0000000000000000        0x0 /Applications/Arduino.app/Contents/Java/hardware/tools/avr/bin/../lib/gcc/avr/7.3.0/../../../../avr/lib/avr5/libm.a(mulsf3x.o)
 .text          0x0000000000000000        0x0 /Applications/Arduino.app/Contents/Java/hardware/tools/avr/bin/../lib/gcc/avr/7.3.0/../../../../avr/lib/avr5/libm.a(round.o)
 .data          0x0000000000000000        0x0 /Applications/Arduino.app/Contents/Java/hardware/tools/avr/bin/../lib/gcc/avr/7.3.0/../../../../avr/lib/avr5/libm.a(round.o)
 .bss           0x0000000000000000        0x0 /Applications/Arduino.app/Contents/Java/hardware/tools/avr/bin/../lib/gcc/avr/7.3.0/../../../../avr/lib/avr5/libm.a(round.o)

Memory Configuration

Name             Origin             Length             Attributes
text             0x0000000000000000 0x0000000000020000 xr
data             0x0000000000800060 0x000000000000ffa0 rw !x
eeprom           0x0000000000810000 0x0000000000010000 rw !x
fuse             0x0000000000820000 0x0000000000000003 rw !x
lock             0x0000000000830000 0x0000000000000400 rw !x
signature        0x0000000000840000 0x0000000000000400 rw !x
user_signatures  0x0000000000850000 0x0000000000000400 rw !x
*default*        0x0000000000000000 0xffffffffffffffff

Linker script and memory map

Address of section .data set to 0x800100
LOAD /Applications/Arduino.app/Contents/Java/hardware/tools/avr/bin/../lib/gcc/avr/7.3.0/../../../../avr/lib/avr5/crtatmega328p.o
LOAD voltmeter.o
LOAD ../../AVR-Programming-Library/USART.o
START GROUP
LOAD /Applications/Arduino.app/Contents/Java/hardware/tools/avr/bin/../lib/gcc/avr/7.3.0/avr5/libgcc.a
LOAD /Applications/Arduino.app/Contents/Java/hardware/tools/avr/bin/../lib/gcc/avr/7.3.0/../../../../avr/lib/avr5/libm.a
LOAD /Applications/Arduino.app/Contents/Java/hardware/tools/avr/bin/../lib/gcc/avr/7.3.0/../../../../avr/lib/avr5/libc.a
LOAD /Applications/Arduino.app/Contents/Java/hardware/tools/avr/bin/../lib/gcc/avr/7.3.0/../../../../avr/lib/avr5/libatmega328p.a
END GROUP
                0x0000000000020000                __TEXT_REGION_LENGTH__ = DEFINED (__TEXT_REGION_LENGTH__)?__TEXT_REGION_LENGTH__:0x20000
                0x000000000000ffa0                __DATA_REGION_LENGTH__ = DEFINED (__DATA_REGION_LENGTH__)?__DATA_REGION_LENGTH__:0xffa0
                0x0000000000010000                __EEPROM_REGION_LENGTH__ = DEFINED (__EEPROM_REGION_LENGTH__)?__EEPROM_REGION_LENGTH__:0x10000
                [0x0000000000000003]                __FUSE_REGION_LENGTH__ = DEFINED (__FUSE_REGION_LENGTH__)?__FUSE_REGION_LENGTH__:0x400
                0x0000000000000400                __LOCK_REGION_LENGTH__ = DEFINED (__LOCK_REGION_LENGTH__)?__LOCK_REGION_LENGTH__:0x400
                0x0000000000000400                __SIGNATURE_REGION_LENGTH__ = DEFINED (__SIGNATURE_REGION_LENGTH__)?__SIGNATURE_REGION_LENGTH__:0x400
                0x0000000000000400                __USER_SIGNATURE_REGION_LENGTH__ = DEFINED (__USER_SIGNATURE_REGION_LENGTH__)?__USER_SIGNATURE_REGION_LENGTH__:0x400
                0x0000000000800060                __DATA_REGION_ORIGIN__ = DEFINED (__DATA_REGION_ORIGIN__)?__DATA_REGION_ORIGIN__:0x800060

.hash
 *(.hash)

.dynsym
 *(.dynsym)

.dynstr
 *(.dynstr)

.gnu.version
 *(.gnu.version)

.gnu.version_d
 *(.gnu.version_d)

.gnu.version_r
 *(.gnu.version_r)

.rel.init
 *(.rel.init)

.rela.init
 *(.rela.init)

.rel.text
 *(.rel.text)
 *(.rel.text.*)
 *(.rel.gnu.linkonce.t*)

.rela.text
 *(.rela.text)
 *(.rela.text.*)
 *(.rela.gnu.linkonce.t*)

.rel.fini
 *(.rel.fini)

.rela.fini
 *(.rela.fini)

.rel.rodata
 *(.rel.rodata)
 *(.rel.rodata.*)
 *(.rel.gnu.linkonce.r*)

.rela.rodata
 *(.rela.rodata)
 *(.rela.rodata.*)
 *(.rela.gnu.linkonce.r*)

.rel.data
 *(.rel.data)
 *(.rel.data.*)
 *(.rel.gnu.linkonce.d*)

.rela.data
 *(.rela.data)
 *(.rela.data.*)
 *(.rela.gnu.linkonce.d*)

.rel.ctors
 *(.rel.ctors)

.rela.ctors
 *(.rela.ctors)

.rel.dtors
 *(.rel.dtors)

.rela.dtors
 *(.rela.dtors)

.rel.got
 *(.rel.got)

.rela.got
 *(.rela.got)

.rel.bss
 *(.rel.bss)

.rela.bss
 *(.rela.bss)

.rel.plt
 *(.rel.plt)

.rela.plt
 *(.rela.plt)

.text           0x0000000000000000      0x94c
 *(.vectors)
 .vectors       0x0000000000000000       0x68 /Applications/Arduino.app/Contents/Java/hardware/tools/avr/bin/../lib/gcc/avr/7.3.0/../../../../avr/lib/avr5/crtatmega328p.o
                0x0000000000000000                __vectors
                0x0000000000000000                __vector_default
 *(.vectors)
 *(.progmem.gcc*)
                0x0000000000000068                . = ALIGN (0x2)
                0x0000000000000068                __trampolines_start = .
 *(.trampolines)
 .trampolines   0x0000000000000068        0x0 linker stubs
 *(.trampolines*)
                0x0000000000000068                __trampolines_end = .
 *libprintf_flt.a:*(.progmem.data)
 *libc.a:*(.progmem.data)
 *(.progmem*)
                0x0000000000000068                . = ALIGN (0x2)
 *(.jumptables)
 *(.jumptables*)
 *(.lowtext)
 *(.lowtext*)
                0x0000000000000068                __ctors_start = .
 *(.ctors)
                0x0000000000000068                __ctors_end = .
                0x0000000000000068                __dtors_start = .
 *(.dtors)
                0x0000000000000068                __dtors_end = .
 SORT(*)(.ctors)
 SORT(*)(.dtors)
 *(.init0)
 .init0         0x0000000000000068        0x0 /Applications/Arduino.app/Contents/Java/hardware/tools/avr/bin/../lib/gcc/avr/7.3.0/../../../../avr/lib/avr5/crtatmega328p.o
                0x0000000000000068                __init
 *(.init0)
 *(.init1)
 *(.init1)
 *(.init2)
 .init2         0x0000000000000068        0xc /Applications/Arduino.app/Contents/Java/hardware/tools/avr/bin/../lib/gcc/avr/7.3.0/../../../../avr/lib/avr5/crtatmega328p.o
 *(.init2)
 *(.init3)
 *(.init3)
 *(.init4)
 .init4         0x0000000000000074       0x16 /Applications/Arduino.app/Contents/Java/hardware/tools/avr/bin/../lib/gcc/avr/7.3.0/avr5/libgcc.a(_copy_data.o)
                0x0000000000000074                __do_copy_data
 *(.init4)
 *(.init5)
 *(.init5)
 *(.init6)
 *(.init6)
 *(.init7)
 *(.init7)
 *(.init8)
 *(.init8)
 *(.init9)
 .init9         0x000000000000008a        0x8 /Applications/Arduino.app/Contents/Java/hardware/tools/avr/bin/../lib/gcc/avr/7.3.0/../../../../avr/lib/avr5/crtatmega328p.o
 *(.init9)
 *(.text)
 .text          0x0000000000000092        0x4 /Applications/Arduino.app/Contents/Java/hardware/tools/avr/bin/../lib/gcc/avr/7.3.0/../../../../avr/lib/avr5/crtatmega328p.o
                0x0000000000000092                __vector_20
                0x0000000000000092                __vector_1
                0x0000000000000092                __vector_24
                0x0000000000000092                __vector_12
                0x0000000000000092                __bad_interrupt
                0x0000000000000092                __vector_6
                0x0000000000000092                __vector_3
                0x0000000000000092                __vector_23
                0x0000000000000092                __vector_25
                0x0000000000000092                __vector_11
                0x0000000000000092                __vector_13
                0x0000000000000092                __vector_17
                0x0000000000000092                __vector_19
                0x0000000000000092                __vector_7
                0x0000000000000092                __vector_5
                0x0000000000000092                __vector_4
                0x0000000000000092                __vector_9
                0x0000000000000092                __vector_2
                0x0000000000000092                __vector_15
                0x0000000000000092                __vector_8
                0x0000000000000092                __vector_14
                0x0000000000000092                __vector_10
                0x0000000000000092                __vector_16
                0x0000000000000092                __vector_18
                0x0000000000000092                __vector_22
                0x0000000000000096                . = ALIGN (0x2)
 *(.text.*)
 .text.initADC  0x0000000000000096       0x22 voltmeter.o
                0x0000000000000096                initADC
 .text.setupADCSleepmode
                0x00000000000000b8       0x16 voltmeter.o
                0x00000000000000b8                setupADCSleepmode
 .text.__vector_21
                0x00000000000000ce        0x2 voltmeter.o
                0x00000000000000ce                __vector_21
 .text.oversample16x
                0x00000000000000d0       0x2e voltmeter.o
                0x00000000000000d0                oversample16x
 .text.printFloat
                0x00000000000000fe      0x196 voltmeter.o
                0x00000000000000fe                printFloat
 .text.startup.main
                0x0000000000000294       0xb6 voltmeter.o
                0x0000000000000294                main
 .text.initUSART
                0x000000000000034a       0x22 ../../AVR-Programming-Library/USART.o
                0x000000000000034a                initUSART
 .text.transmitByte
                0x000000000000036c        0xe ../../AVR-Programming-Library/USART.o
                0x000000000000036c                transmitByte
 .text.printString
                0x000000000000037a       0x26 ../../AVR-Programming-Library/USART.o
                0x000000000000037a                printString
 .text.printWord
                0x00000000000003a0       0x76 ../../AVR-Programming-Library/USART.o
                0x00000000000003a0                printWord
 .text.libgcc.div
                0x0000000000000416       0x28 /Applications/Arduino.app/Contents/Java/hardware/tools/avr/bin/../lib/gcc/avr/7.3.0/avr5/libgcc.a(_udivmodhi4.o)
                0x0000000000000416                __udivmodhi4
 .text.avr-libc.fplib
                0x000000000000043e        0xe /Applications/Arduino.app/Contents/Java/hardware/tools/avr/bin/../lib/gcc/avr/7.3.0/../../../../avr/lib/avr5/libm.a(addsf3.o)
                0x000000000000043e                __subsf3
                0x0000000000000440                __addsf3
 .text.avr-libc.fplib
                0x000000000000044c       0xcc /Applications/Arduino.app/Contents/Java/hardware/tools/avr/bin/../lib/gcc/avr/7.3.0/../../../../avr/lib/avr5/libm.a(addsf3x.o)
                0x000000000000046e                __addsf3x
 .text.avr-libc.fplib
                0x0000000000000518        0x8 /Applications/Arduino.app/Contents/Java/hardware/tools/avr/bin/../lib/gcc/avr/7.3.0/../../../../avr/lib/avr5/libm.a(divsf3.o)
                0x0000000000000518                __divsf3
 .text.avr-libc.fplib
                0x0000000000000520       0xdc /Applications/Arduino.app/Contents/Java/hardware/tools/avr/bin/../lib/gcc/avr/7.3.0/../../../../avr/lib/avr5/libm.a(divsf3x.o)
                0x0000000000000540                __divsf3x
                0x0000000000000546                __divsf3_pse
 .text.avr-libc.fplib
                0x00000000000005fc       0x5e /Applications/Arduino.app/Contents/Java/hardware/tools/avr/bin/../lib/gcc/avr/7.3.0/../../../../avr/lib/avr5/libm.a(fixunssfsi.o)
                0x00000000000005fc                __fixunssfsi
 .text.avr-libc.fplib
                0x000000000000065a       0x7a /Applications/Arduino.app/Contents/Java/hardware/tools/avr/bin/../lib/gcc/avr/7.3.0/../../../../avr/lib/avr5/libm.a(floatsisf.o)
                0x000000000000065a                __floatunsisf
                0x000000000000065e                __floatsisf
 .text.avr-libc.fplib
                0x00000000000006d4       0x2e /Applications/Arduino.app/Contents/Java/hardware/tools/avr/bin/../lib/gcc/avr/7.3.0/../../../../avr/lib/avr5/libm.a(floor.o)
                0x00000000000006d4                floor
 .text.avr-libc.fplib
                0x0000000000000702        0xc /Applications/Arduino.app/Contents/Java/hardware/tools/avr/bin/../lib/gcc/avr/7.3.0/../../../../avr/lib/avr5/libm.a(fp_inf.o)
                0x0000000000000702                __fp_inf
 .text.avr-libc.fplib
                0x000000000000070e       0x36 /Applications/Arduino.app/Contents/Java/hardware/tools/avr/bin/../lib/gcc/avr/7.3.0/../../../../avr/lib/avr5/libm.a(fp_mintl.o)
                0x000000000000070e                __fp_mintl
 .text.avr-libc.fplib
                0x0000000000000744       0x1c /Applications/Arduino.app/Contents/Java/hardware/tools/avr/bin/../lib/gcc/avr/7.3.0/../../../../avr/lib/avr5/libm.a(fp_mpack.o)
                0x0000000000000744                __fp_mpack
                0x0000000000000748                __fp_mpack_finite
 .text.avr-libc.fplib
                0x0000000000000760        0x6 /Applications/Arduino.app/Contents/Java/hardware/tools/avr/bin/../lib/gcc/avr/7.3.0/../../../../avr/lib/avr5/libm.a(fp_nan.o)
                0x0000000000000760                __fp_nan
 .text.avr-libc.fplib
                0x0000000000000766        0xe /Applications/Arduino.app/Contents/Java/hardware/tools/avr/bin/../lib/gcc/avr/7.3.0/../../../../avr/lib/avr5/libm.a(fp_pscA.o)
                0x0000000000000766                __fp_pscA
 .text.avr-libc.fplib
                0x0000000000000774        0xe /Applications/Arduino.app/Contents/Java/hardware/tools/avr/bin/../lib/gcc/avr/7.3.0/../../../../avr/lib/avr5/libm.a(fp_pscB.o)
                0x0000000000000774                __fp_pscB
 .text.avr-libc.fplib
                0x0000000000000782       0x22 /Applications/Arduino.app/Contents/Java/hardware/tools/avr/bin/../lib/gcc/avr/7.3.0/../../../../avr/lib/avr5/libm.a(fp_round.o)
                0x0000000000000782                __fp_round
 .text.avr-libc.fplib
                0x00000000000007a4       0x44 /Applications/Arduino.app/Contents/Java/hardware/tools/avr/bin/../lib/gcc/avr/7.3.0/../../../../avr/lib/avr5/libm.a(fp_split3.o)
                0x00000000000007a4                __fp_split3
                0x00000000000007b4                __fp_splitA
 .text.avr-libc.fplib
                0x00000000000007e8       0x30 /Applications/Arduino.app/Contents/Java/hardware/tools/avr/bin/../lib/gcc/avr/7.3.0/../../../../avr/lib/avr5/libm.a(fp_trunc.o)
                0x00000000000007e8                __fp_trunc
 .text.avr-libc.fplib
                0x0000000000000818        0xe /Applications/Arduino.app/Contents/Java/hardware/tools/avr/bin/../lib/gcc/avr/7.3.0/../../../../avr/lib/avr5/libm.a(fp_zero.o)
                0x0000000000000818                __fp_zero
                0x000000000000081a                __fp_szero
 .text.avr-libc.fplib
                0x0000000000000826        0x8 /Applications/Arduino.app/Contents/Java/hardware/tools/avr/bin/../lib/gcc/avr/7.3.0/../../../../avr/lib/avr5/libm.a(mulsf3.o)
                0x0000000000000826                __mulsf3
 .text.avr-libc.fplib
                0x000000000000082e       0xd2 /Applications/Arduino.app/Contents/Java/hardware/tools/avr/bin/../lib/gcc/avr/7.3.0/../../../../avr/lib/avr5/libm.a(mulsf3x.o)
                0x000000000000084c                __mulsf3x
                0x0000000000000852                __mulsf3_pse
 .text.avr-libc.fplib
                0x0000000000000900       0x48 /Applications/Arduino.app/Contents/Java/hardware/tools/avr/bin/../lib/gcc/avr/7.3.0/../../../../avr/lib/avr5/libm.a(round.o)
                0x0000000000000900                round
                0x0000000000000948                . = ALIGN (0x2)
 *(.fini9)
 .fini9         0x0000000000000948        0x0 /Applications/Arduino.app/Contents/Java/hardware/tools/avr/bin/../lib/gcc/avr/7.3.0/avr5/libgcc.a(_exit.o)
                0x0000000000000948                exit
                0x0000000000000948                _exit
 *(.fini9)
 *(.fini8)
 *(.fini8)
 *(.fini7)
 *(.fini7)
 *(.fini6)
 *(.fini6)
 *(.fini5)
 *(.fini5)
 *(.fini4)
 *(.fini4)
 *(.fini3)
 *(.fini3)
 *(.fini2)
 *(.fini2)
 *(.fini1)
 *(.fini1)
 *(.fini0)
 .fini0         0x0000000000000948        0x4 /Applications/Arduino.app/Contents/Java/hardware/tools/avr/bin/../lib/gcc/avr/7.3.0/avr5/libgcc.a(_exit.o)
 *(.fini0)
                0x000000000000094c                _etext = .

.data           0x0000000000800100       0x42 load address 0x000000000000094c
                0x0000000000800100                PROVIDE (__data_start, .)
 *(.data)
 *(.data*)
 *(.gnu.linkonce.d*)
 *(.rodata)
 *(.rodata*)
 .rodata.printFloat.str1.1
                0x0000000000800100        0x0 voltmeter.o
                                          0x3 (size before relaxing)
 .rodata.main.str1.1
                0x0000000000800100       0x42 voltmeter.o
 *(.gnu.linkonce.r*)
                0x0000000000800142                . = ALIGN (0x2)
                0x0000000000800142                _edata = .
                0x0000000000800142                PROVIDE (__data_end, .)

.bss            0x0000000000800142        0x0
                [!provide]                        PROVIDE (__bss_start, .)
 *(.bss)
 *(.bss*)
 *(COMMON)
                [!provide]                        PROVIDE (__bss_end, .)
                0x000000000000094c                __data_load_start = LOADADDR (.data)
                0x000000000000098e                __data_load_end = (__data_load_start + SIZEOF (.data))

.noinit         0x0000000000800142        0x0
                [!provide]                        PROVIDE (__noinit_start, .)
 *(.noinit*)
                [!provide]                        PROVIDE (__noinit_end, .)
                0x0000000000800142                _end = .
                [!provide]                        PROVIDE (__heap_start, .)

.eeprom         0x0000000000810000        0x0
 *(.eeprom*)
                0x0000000000810000                __eeprom_end = .

.fuse
 *(.fuse)
 *(.lfuse)
 *(.hfuse)
 *(.efuse)

.lock
 *(.lock*)

.signature
 *(.signature*)

.user_signatures
 *(.user_signatures*)

.stab
 *(.stab)

.stabstr
 *(.stabstr)

.stab.excl
 *(.stab.excl)

.stab.exclstr
 *(.stab.exclstr)

.stab.index
 *(.stab.index)

.stab.indexstr
 *(.stab.indexstr)

.comment        0x0000000000000000       0x11
 *(.comment)
 .comment       0x0000000000000000       0x11 voltmeter.o
                                         0x12 (size before relaxing)
 .comment       0x0000000000000011       0x12 ../../AVR-Programming-Library/USART.o

.note.gnu.avr.deviceinfo
                0x0000000000000000       0x40
 .note.gnu.avr.deviceinfo
                0x0000000000000000       0x40 /Applications/Arduino.app/Contents/Java/hardware/tools/avr/bin/../lib/gcc/avr/7.3.0/../../../../avr/lib/avr5/crtatmega328p.o

.note.gnu.build-id
 *(.note.gnu.build-id)

.debug
 *(.debug)

.line
 *(.line)

.debug_srcinfo
 *(.debug_srcinfo)

.debug_sfnames
 *(.debug_sfnames)

.debug_aranges  0x0000000000000000      0x118
 *(.debug_aranges)
 .debug_aranges
                0x0000000000000000       0x48 voltmeter.o
 .debug_aranges
                0x0000000000000048       0x70 ../../AVR-Programming-Library/USART.o
 .debug_aranges
                0x00000000000000b8       0x20 /Applications/Arduino.app/Contents/Java/hardware/tools/avr/bin/../lib/gcc/avr/7.3.0/avr5/libgcc.a(_udivmodhi4.o)
 .debug_aranges
                0x00000000000000d8       0x20 /Applications/Arduino.app/Contents/Java/hardware/tools/avr/bin/../lib/gcc/avr/7.3.0/avr5/libgcc.a(_exit.o)
 .debug_aranges
                0x00000000000000f8       0x20 /Applications/Arduino.app/Contents/Java/hardware/tools/avr/bin/../lib/gcc/avr/7.3.0/avr5/libgcc.a(_copy_data.o)

.debug_pubnames
 *(.debug_pubnames)

.debug_info     0x0000000000000000      0xfe0
 *(.debug_info .gnu.linkonce.wi.*)
 .debug_info    0x0000000000000000      0x5f4 /Applications/Arduino.app/Contents/Java/hardware/tools/avr/bin/../lib/gcc/avr/7.3.0/../../../../avr/lib/avr5/crtatmega328p.o
 .debug_info    0x00000000000005f4      0x406 voltmeter.o
 .debug_info    0x00000000000009fa      0x3dc ../../AVR-Programming-Library/USART.o
 .debug_info    0x0000000000000dd6       0xae /Applications/Arduino.app/Contents/Java/hardware/tools/avr/bin/../lib/gcc/avr/7.3.0/avr5/libgcc.a(_udivmodhi4.o)
 .debug_info    0x0000000000000e84       0xae /Applications/Arduino.app/Contents/Java/hardware/tools/avr/bin/../lib/gcc/avr/7.3.0/avr5/libgcc.a(_exit.o)
 .debug_info    0x0000000000000f32       0xae /Applications/Arduino.app/Contents/Java/hardware/tools/avr/bin/../lib/gcc/avr/7.3.0/avr5/libgcc.a(_copy_data.o)

.debug_abbrev   0x0000000000000000      0x8ea
 *(.debug_abbrev)
 .debug_abbrev  0x0000000000000000      0x5a2 /Applications/Arduino.app/Contents/Java/hardware/tools/avr/bin/../lib/gcc/avr/7.3.0/../../../../avr/lib/avr5/crtatmega328p.o
 .debug_abbrev  0x00000000000005a2      0x19e voltmeter.o
 .debug_abbrev  0x0000000000000740      0x16e ../../AVR-Programming-Library/USART.o
 .debug_abbrev  0x00000000000008ae       0x14 /Applications/Arduino.app/Contents/Java/hardware/tools/avr/bin/../lib/gcc/avr/7.3.0/avr5/libgcc.a(_udivmodhi4.o)
 .debug_abbrev  0x00000000000008c2       0x14 /Applications/Arduino.app/Contents/Java/hardware/tools/avr/bin/../lib/gcc/avr/7.3.0/avr5/libgcc.a(_exit.o)
 .debug_abbrev  0x00000000000008d6       0x14 /Applications/Arduino.app/Contents/Java/hardware/tools/avr/bin/../lib/gcc/avr/7.3.0/avr5/libgcc.a(_copy_data.o)

.debug_line     0x0000000000000000      0x72d
 *(.debug_line .debug_line.* .debug_line_end)
 .debug_line    0x0000000000000000       0x1a /Applications/Arduino.app/Contents/Java/hardware/tools/avr/bin/../lib/gcc/avr/7.3.0/../../../../avr/lib/avr5/crtatmega328p.o
 .debug_line    0x000000000000001a      0x283 voltmeter.o
 .debug_line    0x000000000000029d      0x2c8 ../../AVR-Programming-Library/USART.o
 .debug_line    0x0000000000000565       0xce /Applications/Arduino.app/Contents/Java/hardware/tools/avr/bin/../lib/gcc/avr/7.3.0/avr5/libgcc.a(_udivmodhi4.o)
 .debug_line    0x0000000000000633       0x62 /Applications/Arduino.app/Contents/Java/hardware/tools/avr/bin/../lib/gcc/avr/7.3.0/avr5/libgcc.a(_exit.o)
 .debug_line    0x0000000000000695       0x98 /Applications/Arduino.app/Contents/Java/hardware/tools/avr/bin/../lib/gcc/avr/7.3.0/avr5/libgcc.a(_copy_data.o)

.debug_frame    0x0000000000000000      0x208
 *(.debug_frame)
 .debug_frame   0x0000000000000000       0xc0 voltmeter.o
 .debug_frame   0x00000000000000c0      0x148 ../../AVR-Programming-Library/USART.o

.debug_str      0x0000000000000000      0x573
 *(.debug_str)
 .debug_str     0x0000000000000000      0x208 /Applications/Arduino.app/Contents/Java/hardware/tools/avr/bin/../lib/gcc/avr/7.3.0/../../../../avr/lib/avr5/crtatmega328p.o
 .debug_str     0x0000000000000208      0x245 voltmeter.o
                                        0x279 (size before relaxing)
 .debug_str     0x000000000000044d      0x126 ../../AVR-Programming-Library/USART.o
                                        0x27a (size before relaxing)

.debug_loc      0x0000000000000000      0x763
 *(.debug_loc)
 .debug_loc     0x0000000000000000      0x1e7 voltmeter.o
 .debug_loc     0x00000000000001e7      0x57c ../../AVR-Programming-Library/USART.o

.debug_macinfo
 *(.debug_macinfo)

.debug_weaknames
 *(.debug_weaknames)

.debug_funcnames
 *(.debug_funcnames)

.debug_typenames
 *(.debug_typenames)

.debug_varnames
 *(.debug_varnames)

.debug_pubtypes
 *(.debug_pubtypes)

.debug_ranges   0x0000000000000000       0x98
 *(.debug_ranges)
 .debug_ranges  0x0000000000000000       0x38 voltmeter.o
 .debug_ranges  0x0000000000000038       0x60 ../../AVR-Programming-Library/USART.o

.debug_macro
 *(.debug_macro)
OUTPUT(voltmeter.elf elf32-avr)
LOAD linker stubs
